[2024-10-20T13:30:04.052+0000][0.003s] Using G1
[2024-10-20T13:30:04.071+0000][0.022s] Version: 17.0.10+7 (release)
[2024-10-20T13:30:04.071+0000][0.022s] CPUs: 32 total, 32 available
[2024-10-20T13:30:04.071+0000][0.022s] Memory: 64064M
[2024-10-20T13:30:04.071+0000][0.022s] Large Page Support: Disabled
[2024-10-20T13:30:04.071+0000][0.022s] NUMA Support: Disabled
[2024-10-20T13:30:04.071+0000][0.022s] Compressed Oops: Enabled (32-bit)
[2024-10-20T13:30:04.071+0000][0.022s] Heap Region Size: 1M
[2024-10-20T13:30:04.071+0000][0.022s] Heap Min Capacity: 512M
[2024-10-20T13:30:04.071+0000][0.022s] Heap Initial Capacity: 512M
[2024-10-20T13:30:04.071+0000][0.022s] Heap Max Capacity: 512M
[2024-10-20T13:30:04.071+0000][0.022s] Pre-touch: Enabled
[2024-10-20T13:30:04.071+0000][0.022s] Parallel Workers: 23
[2024-10-20T13:30:04.071+0000][0.022s] Concurrent Workers: 6
[2024-10-20T13:30:04.071+0000][0.022s] Concurrent Refinement Workers: 23
[2024-10-20T13:30:04.071+0000][0.022s] Periodic GC: Disabled
[2024-10-20T13:30:04.075+0000][0.025s] CDS archive(s) mapped at: [0x0000775f4f000000-0x0000775f4fa5f000-0x0000775f4fa5f000), size 10874880, SharedBaseAddress: 0x0000775f4f000000, ArchiveRelocationMode: 1.
[2024-10-20T13:30:04.075+0000][0.025s] Compressed class space mapped at: 0x0000775f50000000-0x0000775f90000000, reserved size: 1073741824
[2024-10-20T13:30:04.075+0000][0.025s] Narrow klass base: 0x0000775f4f000000, Narrow klass shift: 0, Narrow klass range: 0x100000000
[2024-10-20T13:30:04.306+0000][0.256s] GC(0) Pause Young (Normal) (G1 Evacuation Pause)
[2024-10-20T13:30:04.306+0000][0.256s] GC(0) Using 12 workers of 23 for evacuation
[2024-10-20T13:30:04.307+0000][0.257s] GC(0)   Pre Evacuate Collection Set: 0.0ms
[2024-10-20T13:30:04.307+0000][0.257s] GC(0)   Merge Heap Roots: 0.0ms
[2024-10-20T13:30:04.307+0000][0.257s] GC(0)   Evacuate Collection Set: 0.8ms
[2024-10-20T13:30:04.307+0000][0.257s] GC(0)   Post Evacuate Collection Set: 0.2ms
[2024-10-20T13:30:04.307+0000][0.257s] GC(0)   Other: 0.1ms
[2024-10-20T13:30:04.307+0000][0.257s] GC(0) Eden regions: 29->0(59)
[2024-10-20T13:30:04.307+0000][0.257s] GC(0) Survivor regions: 0->4(4)
[2024-10-20T13:30:04.307+0000][0.257s] GC(0) Old regions: 0->1
[2024-10-20T13:30:04.307+0000][0.257s] GC(0) Archive regions: 2->2
[2024-10-20T13:30:04.307+0000][0.257s] GC(0) Humongous regions: 0->0
[2024-10-20T13:30:04.307+0000][0.257s] GC(0) Metaspace: 9585K(9856K)->9585K(9856K) NonClass: 8415K(8512K)->8415K(8512K) Class: 1169K(1344K)->1169K(1344K)
[2024-10-20T13:30:04.307+0000][0.257s] GC(0) Pause Young (Normal) (G1 Evacuation Pause) 29M->4M(512M) 1.122ms
[2024-10-20T13:30:04.307+0000][0.257s] GC(0) User=0.01s Sys=0.00s Real=0.00s
[2024-10-20T13:30:04.564+0000][0.515s] GC(1) Pause Young (Normal) (G1 Evacuation Pause)
[2024-10-20T13:30:04.564+0000][0.515s] GC(1) Using 22 workers of 23 for evacuation
[2024-10-20T13:30:04.567+0000][0.517s] GC(1)   Pre Evacuate Collection Set: 0.1ms
[2024-10-20T13:30:04.567+0000][0.517s] GC(1)   Merge Heap Roots: 0.0ms
[2024-10-20T13:30:04.567+0000][0.517s] GC(1)   Evacuate Collection Set: 2.1ms
[2024-10-20T13:30:04.567+0000][0.517s] GC(1)   Post Evacuate Collection Set: 0.3ms
[2024-10-20T13:30:04.567+0000][0.517s] GC(1)   Other: 0.1ms
[2024-10-20T13:30:04.567+0000][0.517s] GC(1) Eden regions: 59->0(139)
[2024-10-20T13:30:04.567+0000][0.517s] GC(1) Survivor regions: 4->8(8)
[2024-10-20T13:30:04.567+0000][0.517s] GC(1) Old regions: 1->6
[2024-10-20T13:30:04.567+0000][0.517s] GC(1) Archive regions: 2->2
[2024-10-20T13:30:04.567+0000][0.517s] GC(1) Humongous regions: 4->4
[2024-10-20T13:30:04.567+0000][0.517s] GC(1) Metaspace: 18000K(18240K)->18000K(18240K) NonClass: 15804K(15936K)->15804K(15936K) Class: 2196K(2304K)->2196K(2304K)
[2024-10-20T13:30:04.567+0000][0.517s] GC(1) Pause Young (Normal) (G1 Evacuation Pause) 67M->18M(512M) 2.682ms
[2024-10-20T13:30:04.567+0000][0.517s] GC(1) User=0.02s Sys=0.00s Real=0.00s
[2024-10-20T13:30:04.730+0000][0.680s] GC(2) Pause Young (Concurrent Start) (Metadata GC Threshold)
[2024-10-20T13:30:04.730+0000][0.680s] GC(2) Using 23 workers of 23 for evacuation
[2024-10-20T13:30:04.731+0000][0.682s] GC(2)   Pre Evacuate Collection Set: 0.1ms
[2024-10-20T13:30:04.731+0000][0.682s] GC(2)   Merge Heap Roots: 0.0ms
[2024-10-20T13:30:04.731+0000][0.682s] GC(2)   Evacuate Collection Set: 1.1ms
[2024-10-20T13:30:04.731+0000][0.682s] GC(2)   Post Evacuate Collection Set: 0.2ms
[2024-10-20T13:30:04.731+0000][0.682s] GC(2)   Other: 0.2ms
[2024-10-20T13:30:04.731+0000][0.682s] GC(2) Eden regions: 79->0(167)
[2024-10-20T13:30:04.731+0000][0.682s] GC(2) Survivor regions: 8->13(19)
[2024-10-20T13:30:04.731+0000][0.682s] GC(2) Old regions: 6->6
[2024-10-20T13:30:04.731+0000][0.682s] GC(2) Archive regions: 2->2
[2024-10-20T13:30:04.731+0000][0.682s] GC(2) Humongous regions: 4->4
[2024-10-20T13:30:04.731+0000][0.682s] GC(2) Metaspace: 21228K(21504K)->21228K(21504K) NonClass: 18645K(18816K)->18645K(18816K) Class: 2582K(2688K)->2582K(2688K)
[2024-10-20T13:30:04.731+0000][0.682s] GC(2) Pause Young (Concurrent Start) (Metadata GC Threshold) 97M->23M(512M) 1.632ms
[2024-10-20T13:30:04.731+0000][0.682s] GC(2) User=0.02s Sys=0.01s Real=0.00s
[2024-10-20T13:30:04.731+0000][0.682s] GC(3) Concurrent Mark Cycle
[2024-10-20T13:30:04.731+0000][0.682s] GC(3) Concurrent Clear Claimed Marks
[2024-10-20T13:30:04.731+0000][0.682s] GC(3) Concurrent Clear Claimed Marks 0.009ms
[2024-10-20T13:30:04.731+0000][0.682s] GC(3) Concurrent Scan Root Regions
[2024-10-20T13:30:04.732+0000][0.683s] GC(3) Concurrent Scan Root Regions 0.828ms
[2024-10-20T13:30:04.732+0000][0.683s] GC(3) Concurrent Mark
[2024-10-20T13:30:04.732+0000][0.683s] GC(3) Concurrent Mark From Roots
[2024-10-20T13:30:04.732+0000][0.683s] GC(3) Using 6 workers of 6 for marking
[2024-10-20T13:30:04.734+0000][0.684s] GC(3) Concurrent Mark From Roots 1.436ms
[2024-10-20T13:30:04.734+0000][0.684s] GC(3) Concurrent Preclean
[2024-10-20T13:30:04.734+0000][0.684s] GC(3) Concurrent Preclean 0.117ms
[2024-10-20T13:30:04.734+0000][0.684s] GC(3) Pause Remark
[2024-10-20T13:30:04.734+0000][0.685s] GC(3) Pause Remark 24M->24M(512M) 0.654ms
[2024-10-20T13:30:04.734+0000][0.685s] GC(3) User=0.01s Sys=0.00s Real=0.01s
[2024-10-20T13:30:04.734+0000][0.685s] GC(3) Concurrent Mark 2.291ms
[2024-10-20T13:30:04.734+0000][0.685s] GC(3) Concurrent Rebuild Remembered Sets
[2024-10-20T13:30:04.735+0000][0.686s] GC(3) Concurrent Rebuild Remembered Sets 0.904ms
[2024-10-20T13:30:04.735+0000][0.686s] GC(3) Pause Cleanup
[2024-10-20T13:30:04.735+0000][0.686s] GC(3) Pause Cleanup 26M->26M(512M) 0.039ms
[2024-10-20T13:30:04.735+0000][0.686s] GC(3) User=0.00s Sys=0.00s Real=0.00s
[2024-10-20T13:30:04.735+0000][0.686s] GC(3) Concurrent Cleanup for Next Mark
[2024-10-20T13:30:04.736+0000][0.686s] GC(3) Concurrent Cleanup for Next Mark 0.109ms
[2024-10-20T13:30:04.736+0000][0.686s] GC(3) Concurrent Mark Cycle 4.257ms
[2024-10-20T13:30:05.385+0000][1.336s] GC(4) Pause Young (Concurrent Start) (GCLocker Initiated GC)
[2024-10-20T13:30:05.385+0000][1.336s] GC(4) Using 23 workers of 23 for evacuation
[2024-10-20T13:30:05.389+0000][1.339s] GC(4)   Pre Evacuate Collection Set: 0.1ms
[2024-10-20T13:30:05.389+0000][1.339s] GC(4)   Merge Heap Roots: 0.1ms
[2024-10-20T13:30:05.389+0000][1.339s] GC(4)   Evacuate Collection Set: 2.8ms
[2024-10-20T13:30:05.389+0000][1.339s] GC(4)   Post Evacuate Collection Set: 0.4ms
[2024-10-20T13:30:05.389+0000][1.339s] GC(4)   Other: 0.2ms
[2024-10-20T13:30:05.389+0000][1.339s] GC(4) Eden regions: 98->0(153)
[2024-10-20T13:30:05.389+0000][1.339s] GC(4) Survivor regions: 13->18(22)
[2024-10-20T13:30:05.389+0000][1.339s] GC(4) Old regions: 6->8
[2024-10-20T13:30:05.389+0000][1.339s] GC(4) Archive regions: 2->2
[2024-10-20T13:30:05.389+0000][1.339s] GC(4) Humongous regions: 5->4
[2024-10-20T13:30:05.389+0000][1.339s] GC(4) Metaspace: 35719K(36160K)->35719K(36160K) NonClass: 31308K(31552K)->31308K(31552K) Class: 4410K(4608K)->4410K(4608K)
[2024-10-20T13:30:05.389+0000][1.339s] GC(4) Pause Young (Concurrent Start) (GCLocker Initiated GC) 122M->30M(512M) 3.564ms
[2024-10-20T13:30:05.389+0000][1.339s] GC(4) User=0.04s Sys=0.00s Real=0.00s
[2024-10-20T13:30:05.389+0000][1.339s] GC(5) Concurrent Mark Cycle
[2024-10-20T13:30:05.389+0000][1.339s] GC(5) Concurrent Clear Claimed Marks
[2024-10-20T13:30:05.389+0000][1.339s] GC(5) Concurrent Clear Claimed Marks 0.023ms
[2024-10-20T13:30:05.389+0000][1.339s] GC(5) Concurrent Scan Root Regions
[2024-10-20T13:30:05.390+0000][1.341s] GC(5) Concurrent Scan Root Regions 1.406ms
[2024-10-20T13:30:05.390+0000][1.341s] GC(5) Concurrent Mark
[2024-10-20T13:30:05.390+0000][1.341s] GC(5) Concurrent Mark From Roots
[2024-10-20T13:30:05.390+0000][1.341s] GC(5) Using 6 workers of 6 for marking
[2024-10-20T13:30:05.395+0000][1.345s] GC(5) Concurrent Mark From Roots 4.191ms
[2024-10-20T13:30:05.395+0000][1.345s] GC(5) Concurrent Preclean
[2024-10-20T13:30:05.395+0000][1.345s] GC(5) Concurrent Preclean 0.129ms
[2024-10-20T13:30:05.395+0000][1.346s] GC(5) Pause Remark
[2024-10-20T13:30:05.396+0000][1.347s] GC(5) Pause Remark 32M->32M(512M) 1.164ms
[2024-10-20T13:30:05.396+0000][1.347s] GC(5) User=0.01s Sys=0.00s Real=0.00s
[2024-10-20T13:30:05.396+0000][1.347s] GC(5) Concurrent Mark 5.728ms
[2024-10-20T13:30:05.396+0000][1.347s] GC(5) Concurrent Rebuild Remembered Sets
[2024-10-20T13:30:05.396+0000][1.347s] GC(5) Concurrent Rebuild Remembered Sets 0.005ms
[2024-10-20T13:30:05.396+0000][1.347s] GC(5) Pause Cleanup
[2024-10-20T13:30:05.396+0000][1.347s] GC(5) Pause Cleanup 32M->32M(512M) 0.014ms
[2024-10-20T13:30:05.396+0000][1.347s] GC(5) User=0.00s Sys=0.00s Real=0.00s
[2024-10-20T13:30:05.396+0000][1.347s] GC(5) Concurrent Cleanup for Next Mark
[2024-10-20T13:30:05.396+0000][1.347s] GC(5) Concurrent Cleanup for Next Mark 0.107ms
[2024-10-20T13:30:05.396+0000][1.347s] GC(5) Concurrent Mark Cycle 7.559ms
[2024-10-20T13:37:45.787+0000][461.737s] GC(6) Pause Young (Normal) (G1 Evacuation Pause)
[2024-10-20T13:37:45.787+0000][461.737s] GC(6) Using 23 workers of 23 for evacuation
[2024-10-20T13:37:45.797+0000][461.747s] GC(6)   Pre Evacuate Collection Set: 0.3ms
[2024-10-20T13:37:45.797+0000][461.747s] GC(6)   Merge Heap Roots: 0.4ms
[2024-10-20T13:37:45.797+0000][461.747s] GC(6)   Evacuate Collection Set: 8.5ms
[2024-10-20T13:37:45.797+0000][461.747s] GC(6)   Post Evacuate Collection Set: 0.6ms
[2024-10-20T13:37:45.797+0000][461.747s] GC(6)   Other: 0.4ms
[2024-10-20T13:37:45.797+0000][461.747s] GC(6) Eden regions: 153->0(285)
[2024-10-20T13:37:45.797+0000][461.747s] GC(6) Survivor regions: 18->22(22)
[2024-10-20T13:37:45.797+0000][461.747s] GC(6) Old regions: 8->17
[2024-10-20T13:37:45.797+0000][461.747s] GC(6) Archive regions: 2->2
[2024-10-20T13:37:45.797+0000][461.747s] GC(6) Humongous regions: 4->4
[2024-10-20T13:37:45.797+0000][461.747s] GC(6) Metaspace: 51093K(51584K)->51093K(51584K) NonClass: 44568K(44800K)->44568K(44800K) Class: 6525K(6784K)->6525K(6784K)
[2024-10-20T13:37:45.797+0000][461.747s] GC(6) Pause Young (Normal) (G1 Evacuation Pause) 183M->43M(512M) 10.138ms
[2024-10-20T13:37:45.797+0000][461.747s] GC(6) User=0.15s Sys=0.02s Real=0.01s
[2024-10-20T13:54:16.661+0000][1452.612s] Heap
[2024-10-20T13:54:16.661+0000][1452.612s]  garbage-first heap   total 524288K, used 62507K [0x00000000e0000000, 0x0000000100000000)
[2024-10-20T13:54:16.661+0000][1452.612s]   region size 1024K, 40 young (40960K), 22 survivors (22528K)
[2024-10-20T13:54:16.661+0000][1452.612s]  Metaspace       used 51409K, committed 51840K, reserved 1114112K
[2024-10-20T13:54:16.661+0000][1452.612s]   class space    used 6571K, committed 6784K, reserved 1048576K
