[2024-10-20T14:08:32.881+0000][0.003s] Using G1
[2024-10-20T14:08:32.899+0000][0.021s] Version: 17.0.10+7 (release)
[2024-10-20T14:08:32.899+0000][0.021s] CPUs: 32 total, 32 available
[2024-10-20T14:08:32.899+0000][0.021s] Memory: 64064M
[2024-10-20T14:08:32.899+0000][0.021s] Large Page Support: Disabled
[2024-10-20T14:08:32.899+0000][0.021s] NUMA Support: Disabled
[2024-10-20T14:08:32.899+0000][0.021s] Compressed Oops: Enabled (32-bit)
[2024-10-20T14:08:32.899+0000][0.021s] Heap Region Size: 1M
[2024-10-20T14:08:32.899+0000][0.021s] Heap Min Capacity: 512M
[2024-10-20T14:08:32.899+0000][0.021s] Heap Initial Capacity: 512M
[2024-10-20T14:08:32.899+0000][0.021s] Heap Max Capacity: 512M
[2024-10-20T14:08:32.899+0000][0.021s] Pre-touch: Enabled
[2024-10-20T14:08:32.899+0000][0.021s] Parallel Workers: 23
[2024-10-20T14:08:32.899+0000][0.021s] Concurrent Workers: 6
[2024-10-20T14:08:32.899+0000][0.021s] Concurrent Refinement Workers: 23
[2024-10-20T14:08:32.899+0000][0.021s] Periodic GC: Disabled
[2024-10-20T14:08:32.904+0000][0.026s] CDS archive(s) mapped at: [0x000074ee63000000-0x000074ee63a5f000-0x000074ee63a5f000), size 10874880, SharedBaseAddress: 0x000074ee63000000, ArchiveRelocationMode: 1.
[2024-10-20T14:08:32.904+0000][0.026s] Compressed class space mapped at: 0x000074ee64000000-0x000074eea4000000, reserved size: 1073741824
[2024-10-20T14:08:32.904+0000][0.026s] Narrow klass base: 0x000074ee63000000, Narrow klass shift: 0, Narrow klass range: 0x100000000
[2024-10-20T14:08:33.157+0000][0.279s] GC(0) Pause Young (Normal) (G1 Evacuation Pause)
[2024-10-20T14:08:33.157+0000][0.279s] GC(0) Using 12 workers of 23 for evacuation
[2024-10-20T14:08:33.158+0000][0.280s] GC(0)   Pre Evacuate Collection Set: 0.0ms
[2024-10-20T14:08:33.158+0000][0.280s] GC(0)   Merge Heap Roots: 0.0ms
[2024-10-20T14:08:33.158+0000][0.280s] GC(0)   Evacuate Collection Set: 0.9ms
[2024-10-20T14:08:33.158+0000][0.280s] GC(0)   Post Evacuate Collection Set: 0.1ms
[2024-10-20T14:08:33.158+0000][0.280s] GC(0)   Other: 0.1ms
[2024-10-20T14:08:33.158+0000][0.280s] GC(0) Eden regions: 29->0(59)
[2024-10-20T14:08:33.158+0000][0.280s] GC(0) Survivor regions: 0->4(4)
[2024-10-20T14:08:33.158+0000][0.280s] GC(0) Old regions: 0->1
[2024-10-20T14:08:33.158+0000][0.280s] GC(0) Archive regions: 2->2
[2024-10-20T14:08:33.158+0000][0.280s] GC(0) Humongous regions: 0->0
[2024-10-20T14:08:33.158+0000][0.280s] GC(0) Metaspace: 9796K(10112K)->9796K(10112K) NonClass: 8605K(8768K)->8605K(8768K) Class: 1191K(1344K)->1191K(1344K)
[2024-10-20T14:08:33.158+0000][0.280s] GC(0) Pause Young (Normal) (G1 Evacuation Pause) 29M->4M(512M) 1.207ms
[2024-10-20T14:08:33.158+0000][0.280s] GC(0) User=0.01s Sys=0.00s Real=0.00s
[2024-10-20T14:08:33.409+0000][0.532s] GC(1) Pause Young (Normal) (G1 Evacuation Pause)
[2024-10-20T14:08:33.409+0000][0.532s] GC(1) Using 22 workers of 23 for evacuation
[2024-10-20T14:08:33.412+0000][0.534s] GC(1)   Pre Evacuate Collection Set: 0.1ms
[2024-10-20T14:08:33.412+0000][0.534s] GC(1)   Merge Heap Roots: 0.0ms
[2024-10-20T14:08:33.412+0000][0.534s] GC(1)   Evacuate Collection Set: 2.1ms
[2024-10-20T14:08:33.412+0000][0.534s] GC(1)   Post Evacuate Collection Set: 0.3ms
[2024-10-20T14:08:33.412+0000][0.534s] GC(1)   Other: 0.1ms
[2024-10-20T14:08:33.412+0000][0.534s] GC(1) Eden regions: 59->0(81)
[2024-10-20T14:08:33.412+0000][0.534s] GC(1) Survivor regions: 4->8(8)
[2024-10-20T14:08:33.412+0000][0.534s] GC(1) Old regions: 1->6
[2024-10-20T14:08:33.412+0000][0.534s] GC(1) Archive regions: 2->2
[2024-10-20T14:08:33.412+0000][0.534s] GC(1) Humongous regions: 4->4
[2024-10-20T14:08:33.412+0000][0.534s] GC(1) Metaspace: 18009K(18304K)->18009K(18304K) NonClass: 15813K(16000K)->15813K(16000K) Class: 2196K(2304K)->2196K(2304K)
[2024-10-20T14:08:33.412+0000][0.534s] GC(1) Pause Young (Normal) (G1 Evacuation Pause) 67M->18M(512M) 2.589ms
[2024-10-20T14:08:33.412+0000][0.534s] GC(1) User=0.04s Sys=0.00s Real=0.00s
[2024-10-20T14:08:33.590+0000][0.713s] GC(2) Pause Young (Concurrent Start) (Metadata GC Threshold)
[2024-10-20T14:08:33.590+0000][0.713s] GC(2) Using 23 workers of 23 for evacuation
[2024-10-20T14:08:33.592+0000][0.714s] GC(2)   Pre Evacuate Collection Set: 0.1ms
[2024-10-20T14:08:33.592+0000][0.715s] GC(2)   Merge Heap Roots: 0.0ms
[2024-10-20T14:08:33.592+0000][0.715s] GC(2)   Evacuate Collection Set: 1.3ms
[2024-10-20T14:08:33.592+0000][0.715s] GC(2)   Post Evacuate Collection Set: 0.3ms
[2024-10-20T14:08:33.592+0000][0.715s] GC(2)   Other: 0.2ms
[2024-10-20T14:08:33.592+0000][0.715s] GC(2) Eden regions: 77->0(115)
[2024-10-20T14:08:33.592+0000][0.715s] GC(2) Survivor regions: 8->11(12)
[2024-10-20T14:08:33.592+0000][0.715s] GC(2) Old regions: 6->9
[2024-10-20T14:08:33.592+0000][0.715s] GC(2) Archive regions: 2->2
[2024-10-20T14:08:33.592+0000][0.715s] GC(2) Humongous regions: 4->4
[2024-10-20T14:08:33.592+0000][0.715s] GC(2) Metaspace: 21226K(21504K)->21226K(21504K) NonClass: 18644K(18816K)->18644K(18816K) Class: 2582K(2688K)->2582K(2688K)
[2024-10-20T14:08:33.592+0000][0.715s] GC(2) Pause Young (Concurrent Start) (Metadata GC Threshold) 95M->24M(512M) 1.961ms
[2024-10-20T14:08:33.592+0000][0.715s] GC(2) User=0.03s Sys=0.00s Real=0.00s
[2024-10-20T14:08:33.592+0000][0.715s] GC(3) Concurrent Mark Cycle
[2024-10-20T14:08:33.592+0000][0.715s] GC(3) Concurrent Clear Claimed Marks
[2024-10-20T14:08:33.592+0000][0.715s] GC(3) Concurrent Clear Claimed Marks 0.019ms
[2024-10-20T14:08:33.592+0000][0.715s] GC(3) Concurrent Scan Root Regions
[2024-10-20T14:08:33.593+0000][0.716s] GC(3) Concurrent Scan Root Regions 0.884ms
[2024-10-20T14:08:33.593+0000][0.716s] GC(3) Concurrent Mark
[2024-10-20T14:08:33.593+0000][0.716s] GC(3) Concurrent Mark From Roots
[2024-10-20T14:08:33.593+0000][0.716s] GC(3) Using 6 workers of 6 for marking
[2024-10-20T14:08:33.595+0000][0.717s] GC(3) Concurrent Mark From Roots 1.476ms
[2024-10-20T14:08:33.595+0000][0.717s] GC(3) Concurrent Preclean
[2024-10-20T14:08:33.595+0000][0.717s] GC(3) Concurrent Preclean 0.117ms
[2024-10-20T14:08:33.595+0000][0.717s] GC(3) Pause Remark
[2024-10-20T14:08:33.596+0000][0.718s] GC(3) Pause Remark 25M->25M(512M) 0.785ms
[2024-10-20T14:08:33.596+0000][0.718s] GC(3) User=0.00s Sys=0.00s Real=0.00s
[2024-10-20T14:08:33.596+0000][0.718s] GC(3) Concurrent Mark 2.533ms
[2024-10-20T14:08:33.596+0000][0.718s] GC(3) Concurrent Rebuild Remembered Sets
[2024-10-20T14:08:33.596+0000][0.719s] GC(3) Concurrent Rebuild Remembered Sets 0.809ms
[2024-10-20T14:08:33.596+0000][0.719s] GC(3) Pause Cleanup
[2024-10-20T14:08:33.597+0000][0.719s] GC(3) Pause Cleanup 25M->25M(512M) 0.080ms
[2024-10-20T14:08:33.597+0000][0.719s] GC(3) User=0.00s Sys=0.00s Real=0.00s
[2024-10-20T14:08:33.597+0000][0.719s] GC(3) Concurrent Cleanup for Next Mark
[2024-10-20T14:08:33.597+0000][0.719s] GC(3) Concurrent Cleanup for Next Mark 0.113ms
[2024-10-20T14:08:33.597+0000][0.719s] GC(3) Concurrent Mark Cycle 4.544ms
[2024-10-20T14:08:34.060+0000][1.182s] GC(4) Pause Young (Concurrent Start) (Metadata GC Threshold)
[2024-10-20T14:08:34.060+0000][1.182s] GC(4) Using 23 workers of 23 for evacuation
[2024-10-20T14:08:34.062+0000][1.184s] GC(4)   Pre Evacuate Collection Set: 0.1ms
[2024-10-20T14:08:34.062+0000][1.184s] GC(4)   Merge Heap Roots: 0.0ms
[2024-10-20T14:08:34.062+0000][1.184s] GC(4)   Evacuate Collection Set: 1.5ms
[2024-10-20T14:08:34.062+0000][1.184s] GC(4)   Post Evacuate Collection Set: 0.2ms
[2024-10-20T14:08:34.062+0000][1.184s] GC(4)   Other: 0.1ms
[2024-10-20T14:08:34.062+0000][1.184s] GC(4) Eden regions: 93->0(295)
[2024-10-20T14:08:34.062+0000][1.184s] GC(4) Survivor regions: 11->12(17)
[2024-10-20T14:08:34.062+0000][1.184s] GC(4) Old regions: 9->15
[2024-10-20T14:08:34.062+0000][1.184s] GC(4) Archive regions: 2->2
[2024-10-20T14:08:34.062+0000][1.184s] GC(4) Humongous regions: 5->4
[2024-10-20T14:08:34.062+0000][1.184s] GC(4) Metaspace: 35758K(36096K)->35758K(36096K) NonClass: 31337K(31488K)->31337K(31488K) Class: 4420K(4608K)->4420K(4608K)
[2024-10-20T14:08:34.062+0000][1.184s] GC(4) Pause Young (Concurrent Start) (Metadata GC Threshold) 117M->30M(512M) 2.029ms
[2024-10-20T14:08:34.062+0000][1.184s] GC(4) User=0.04s Sys=0.00s Real=0.00s
[2024-10-20T14:08:34.062+0000][1.184s] GC(5) Concurrent Mark Cycle
[2024-10-20T14:08:34.062+0000][1.184s] GC(5) Concurrent Clear Claimed Marks
[2024-10-20T14:08:34.062+0000][1.184s] GC(5) Concurrent Clear Claimed Marks 0.015ms
[2024-10-20T14:08:34.062+0000][1.184s] GC(5) Concurrent Scan Root Regions
[2024-10-20T14:08:34.063+0000][1.185s] GC(5) Concurrent Scan Root Regions 0.930ms
[2024-10-20T14:08:34.063+0000][1.185s] GC(5) Concurrent Mark
[2024-10-20T14:08:34.063+0000][1.185s] GC(5) Concurrent Mark From Roots
[2024-10-20T14:08:34.063+0000][1.185s] GC(5) Using 6 workers of 6 for marking
[2024-10-20T14:08:34.065+0000][1.187s] GC(5) Concurrent Mark From Roots 1.847ms
[2024-10-20T14:08:34.065+0000][1.187s] GC(5) Concurrent Preclean
[2024-10-20T14:08:34.065+0000][1.187s] GC(5) Concurrent Preclean 0.083ms
[2024-10-20T14:08:34.065+0000][1.187s] GC(5) Pause Remark
[2024-10-20T14:08:34.066+0000][1.188s] GC(5) Pause Remark 31M->31M(512M) 0.725ms
[2024-10-20T14:08:34.066+0000][1.188s] GC(5) User=0.01s Sys=0.00s Real=0.00s
[2024-10-20T14:08:34.066+0000][1.188s] GC(5) Concurrent Mark 2.898ms
[2024-10-20T14:08:34.066+0000][1.188s] GC(5) Concurrent Rebuild Remembered Sets
[2024-10-20T14:08:34.067+0000][1.189s] GC(5) Concurrent Rebuild Remembered Sets 1.077ms
[2024-10-20T14:08:34.067+0000][1.189s] GC(5) Pause Cleanup
[2024-10-20T14:08:34.067+0000][1.189s] GC(5) Pause Cleanup 32M->32M(512M) 0.052ms
[2024-10-20T14:08:34.067+0000][1.190s] GC(5) User=0.01s Sys=0.00s Real=0.00s
[2024-10-20T14:08:34.067+0000][1.190s] GC(5) Concurrent Cleanup for Next Mark
[2024-10-20T14:08:34.067+0000][1.190s] GC(5) Concurrent Cleanup for Next Mark 0.123ms
[2024-10-20T14:08:34.067+0000][1.190s] GC(5) Concurrent Mark Cycle 5.345ms
