[2024-10-20T13:16:30.287+0000][0.003s] Using G1
[2024-10-20T13:16:30.305+0000][0.021s] Version: 17.0.10+7 (release)
[2024-10-20T13:16:30.305+0000][0.021s] CPUs: 32 total, 32 available
[2024-10-20T13:16:30.305+0000][0.021s] Memory: 64064M
[2024-10-20T13:16:30.305+0000][0.021s] Large Page Support: Disabled
[2024-10-20T13:16:30.305+0000][0.021s] NUMA Support: Disabled
[2024-10-20T13:16:30.305+0000][0.021s] Compressed Oops: Enabled (32-bit)
[2024-10-20T13:16:30.305+0000][0.021s] Heap Region Size: 1M
[2024-10-20T13:16:30.305+0000][0.021s] Heap Min Capacity: 512M
[2024-10-20T13:16:30.305+0000][0.021s] Heap Initial Capacity: 512M
[2024-10-20T13:16:30.305+0000][0.021s] Heap Max Capacity: 512M
[2024-10-20T13:16:30.305+0000][0.021s] Pre-touch: Enabled
[2024-10-20T13:16:30.305+0000][0.021s] Parallel Workers: 23
[2024-10-20T13:16:30.305+0000][0.021s] Concurrent Workers: 6
[2024-10-20T13:16:30.305+0000][0.021s] Concurrent Refinement Workers: 23
[2024-10-20T13:16:30.305+0000][0.021s] Periodic GC: Disabled
[2024-10-20T13:16:30.308+0000][0.024s] CDS archive(s) mapped at: [0x00007af3b7000000-0x00007af3b7a5f000-0x00007af3b7a5f000), size 10874880, SharedBaseAddress: 0x00007af3b7000000, ArchiveRelocationMode: 1.
[2024-10-20T13:16:30.308+0000][0.024s] Compressed class space mapped at: 0x00007af3b8000000-0x00007af3f8000000, reserved size: 1073741824
[2024-10-20T13:16:30.308+0000][0.024s] Narrow klass base: 0x00007af3b7000000, Narrow klass shift: 0, Narrow klass range: 0x100000000
[2024-10-20T13:16:30.697+0000][0.413s] GC(0) Pause Young (Normal) (G1 Evacuation Pause)
[2024-10-20T13:16:30.698+0000][0.413s] GC(0) Using 12 workers of 23 for evacuation
[2024-10-20T13:16:30.699+0000][0.414s] GC(0)   Pre Evacuate Collection Set: 0.1ms
[2024-10-20T13:16:30.699+0000][0.414s] GC(0)   Merge Heap Roots: 0.0ms
[2024-10-20T13:16:30.699+0000][0.414s] GC(0)   Evacuate Collection Set: 0.9ms
[2024-10-20T13:16:30.699+0000][0.414s] GC(0)   Post Evacuate Collection Set: 0.2ms
[2024-10-20T13:16:30.699+0000][0.414s] GC(0)   Other: 0.1ms
[2024-10-20T13:16:30.699+0000][0.414s] GC(0) Eden regions: 29->0(59)
[2024-10-20T13:16:30.699+0000][0.414s] GC(0) Survivor regions: 0->4(4)
[2024-10-20T13:16:30.699+0000][0.414s] GC(0) Old regions: 0->1
[2024-10-20T13:16:30.699+0000][0.414s] GC(0) Archive regions: 2->2
[2024-10-20T13:16:30.699+0000][0.414s] GC(0) Humongous regions: 0->0
[2024-10-20T13:16:30.699+0000][0.414s] GC(0) Metaspace: 9855K(10176K)->9855K(10176K) NonClass: 8657K(8832K)->8657K(8832K) Class: 1197K(1344K)->1197K(1344K)
[2024-10-20T13:16:30.699+0000][0.414s] GC(0) Pause Young (Normal) (G1 Evacuation Pause) 29M->5M(512M) 1.274ms
[2024-10-20T13:16:30.699+0000][0.414s] GC(0) User=0.01s Sys=0.00s Real=0.00s
[2024-10-20T13:16:31.025+0000][0.741s] GC(1) Pause Young (Normal) (G1 Evacuation Pause)
[2024-10-20T13:16:31.025+0000][0.741s] GC(1) Using 22 workers of 23 for evacuation
[2024-10-20T13:16:31.028+0000][0.743s] GC(1)   Pre Evacuate Collection Set: 0.1ms
[2024-10-20T13:16:31.028+0000][0.743s] GC(1)   Merge Heap Roots: 0.0ms
[2024-10-20T13:16:31.028+0000][0.743s] GC(1)   Evacuate Collection Set: 1.9ms
[2024-10-20T13:16:31.028+0000][0.743s] GC(1)   Post Evacuate Collection Set: 0.3ms
[2024-10-20T13:16:31.028+0000][0.743s] GC(1)   Other: 0.1ms
[2024-10-20T13:16:31.028+0000][0.743s] GC(1) Eden regions: 59->0(168)
[2024-10-20T13:16:31.028+0000][0.743s] GC(1) Survivor regions: 4->8(8)
[2024-10-20T13:16:31.028+0000][0.743s] GC(1) Old regions: 1->7
[2024-10-20T13:16:31.028+0000][0.743s] GC(1) Archive regions: 2->2
[2024-10-20T13:16:31.028+0000][0.743s] GC(1) Humongous regions: 4->4
[2024-10-20T13:16:31.028+0000][0.743s] GC(1) Metaspace: 18006K(18240K)->18006K(18240K) NonClass: 15810K(15936K)->15810K(15936K) Class: 2196K(2304K)->2196K(2304K)
[2024-10-20T13:16:31.028+0000][0.743s] GC(1) Pause Young (Normal) (G1 Evacuation Pause) 68M->18M(512M) 2.418ms
[2024-10-20T13:16:31.028+0000][0.743s] GC(1) User=0.03s Sys=0.00s Real=0.00s
[2024-10-20T13:16:31.229+0000][0.944s] GC(2) Pause Young (Concurrent Start) (Metadata GC Threshold)
[2024-10-20T13:16:31.229+0000][0.944s] GC(2) Using 23 workers of 23 for evacuation
[2024-10-20T13:16:31.230+0000][0.946s] GC(2)   Pre Evacuate Collection Set: 0.1ms
[2024-10-20T13:16:31.230+0000][0.946s] GC(2)   Merge Heap Roots: 0.0ms
[2024-10-20T13:16:31.230+0000][0.946s] GC(2)   Evacuate Collection Set: 1.2ms
[2024-10-20T13:16:31.230+0000][0.946s] GC(2)   Post Evacuate Collection Set: 0.3ms
[2024-10-20T13:16:31.230+0000][0.946s] GC(2)   Other: 0.2ms
[2024-10-20T13:16:31.230+0000][0.946s] GC(2) Eden regions: 76->0(245)
[2024-10-20T13:16:31.230+0000][0.946s] GC(2) Survivor regions: 8->13(22)
[2024-10-20T13:16:31.230+0000][0.946s] GC(2) Old regions: 7->7
[2024-10-20T13:16:31.230+0000][0.946s] GC(2) Archive regions: 2->2
[2024-10-20T13:16:31.230+0000][0.946s] GC(2) Humongous regions: 4->4
[2024-10-20T13:16:31.230+0000][0.946s] GC(2) Metaspace: 21219K(21504K)->21219K(21504K) NonClass: 18637K(18816K)->18637K(18816K) Class: 2582K(2688K)->2582K(2688K)
[2024-10-20T13:16:31.230+0000][0.946s] GC(2) Pause Young (Concurrent Start) (Metadata GC Threshold) 94M->23M(512M) 1.860ms
[2024-10-20T13:16:31.230+0000][0.946s] GC(2) User=0.02s Sys=0.00s Real=0.00s
[2024-10-20T13:16:31.230+0000][0.946s] GC(3) Concurrent Mark Cycle
[2024-10-20T13:16:31.230+0000][0.946s] GC(3) Concurrent Clear Claimed Marks
[2024-10-20T13:16:31.230+0000][0.946s] GC(3) Concurrent Clear Claimed Marks 0.014ms
[2024-10-20T13:16:31.230+0000][0.946s] GC(3) Concurrent Scan Root Regions
[2024-10-20T13:16:31.231+0000][0.947s] GC(3) Concurrent Scan Root Regions 0.862ms
[2024-10-20T13:16:31.231+0000][0.947s] GC(3) Concurrent Mark
[2024-10-20T13:16:31.231+0000][0.947s] GC(3) Concurrent Mark From Roots
[2024-10-20T13:16:31.231+0000][0.947s] GC(3) Using 6 workers of 6 for marking
[2024-10-20T13:16:31.233+0000][0.948s] GC(3) Concurrent Mark From Roots 1.218ms
[2024-10-20T13:16:31.233+0000][0.948s] GC(3) Concurrent Preclean
[2024-10-20T13:16:31.233+0000][0.948s] GC(3) Concurrent Preclean 0.054ms
[2024-10-20T13:16:31.233+0000][0.948s] GC(3) Pause Remark
[2024-10-20T13:16:31.233+0000][0.949s] GC(3) Pause Remark 24M->24M(512M) 0.534ms
[2024-10-20T13:16:31.233+0000][0.949s] GC(3) User=0.00s Sys=0.00s Real=0.00s
[2024-10-20T13:16:31.233+0000][0.949s] GC(3) Concurrent Mark 1.849ms
[2024-10-20T13:16:31.233+0000][0.949s] GC(3) Concurrent Rebuild Remembered Sets
[2024-10-20T13:16:31.234+0000][0.950s] GC(3) Concurrent Rebuild Remembered Sets 0.817ms
[2024-10-20T13:16:31.234+0000][0.950s] GC(3) Pause Cleanup
[2024-10-20T13:16:31.234+0000][0.950s] GC(3) Pause Cleanup 24M->24M(512M) 0.046ms
[2024-10-20T13:16:31.234+0000][0.950s] GC(3) User=0.00s Sys=0.00s Real=0.00s
[2024-10-20T13:16:31.234+0000][0.950s] GC(3) Concurrent Cleanup for Next Mark
[2024-10-20T13:16:31.234+0000][0.950s] GC(3) Concurrent Cleanup for Next Mark 0.095ms
[2024-10-20T13:16:31.234+0000][0.950s] GC(3) Concurrent Mark Cycle 3.754ms
[2024-10-20T13:16:31.968+0000][1.683s] GC(4) Pause Young (Concurrent Start) (Metadata GC Threshold)
[2024-10-20T13:16:31.968+0000][1.683s] GC(4) Using 23 workers of 23 for evacuation
[2024-10-20T13:16:31.971+0000][1.687s] GC(4)   Pre Evacuate Collection Set: 0.1ms
[2024-10-20T13:16:31.972+0000][1.687s] GC(4)   Merge Heap Roots: 0.1ms
[2024-10-20T13:16:31.972+0000][1.687s] GC(4)   Evacuate Collection Set: 3.0ms
[2024-10-20T13:16:31.972+0000][1.687s] GC(4)   Post Evacuate Collection Set: 0.5ms
[2024-10-20T13:16:31.972+0000][1.687s] GC(4)   Other: 0.2ms
[2024-10-20T13:16:31.972+0000][1.687s] GC(4) Eden regions: 100->0(288)
[2024-10-20T13:16:31.972+0000][1.687s] GC(4) Survivor regions: 13->19(32)
[2024-10-20T13:16:31.972+0000][1.687s] GC(4) Old regions: 7->7
[2024-10-20T13:16:31.972+0000][1.687s] GC(4) Archive regions: 2->2
[2024-10-20T13:16:31.972+0000][1.687s] GC(4) Humongous regions: 5->4
[2024-10-20T13:16:31.972+0000][1.687s] GC(4) Metaspace: 35695K(36096K)->35695K(36096K) NonClass: 31289K(31488K)->31289K(31488K) Class: 4405K(4608K)->4405K(4608K)
[2024-10-20T13:16:31.972+0000][1.687s] GC(4) Pause Young (Concurrent Start) (Metadata GC Threshold) 124M->29M(512M) 3.868ms
[2024-10-20T13:16:31.972+0000][1.687s] GC(4) User=0.04s Sys=0.01s Real=0.00s
[2024-10-20T13:16:31.972+0000][1.687s] GC(5) Concurrent Mark Cycle
[2024-10-20T13:16:31.972+0000][1.687s] GC(5) Concurrent Clear Claimed Marks
[2024-10-20T13:16:31.972+0000][1.687s] GC(5) Concurrent Clear Claimed Marks 0.021ms
[2024-10-20T13:16:31.972+0000][1.687s] GC(5) Concurrent Scan Root Regions
[2024-10-20T13:16:31.973+0000][1.688s] GC(5) Concurrent Scan Root Regions 1.046ms
[2024-10-20T13:16:31.973+0000][1.688s] GC(5) Concurrent Mark
[2024-10-20T13:16:31.973+0000][1.688s] GC(5) Concurrent Mark From Roots
[2024-10-20T13:16:31.973+0000][1.688s] GC(5) Using 6 workers of 6 for marking
[2024-10-20T13:16:31.974+0000][1.690s] GC(5) Concurrent Mark From Roots 1.739ms
[2024-10-20T13:16:31.975+0000][1.690s] GC(5) Concurrent Preclean
[2024-10-20T13:16:31.975+0000][1.690s] GC(5) Concurrent Preclean 0.117ms
[2024-10-20T13:16:31.975+0000][1.690s] GC(5) Pause Remark
[2024-10-20T13:16:31.976+0000][1.691s] GC(5) Pause Remark 30M->30M(512M) 0.894ms
[2024-10-20T13:16:31.976+0000][1.691s] GC(5) User=0.01s Sys=0.00s Real=0.00s
[2024-10-20T13:16:31.976+0000][1.691s] GC(5) Concurrent Mark 2.921ms
[2024-10-20T13:16:31.976+0000][1.691s] GC(5) Concurrent Rebuild Remembered Sets
[2024-10-20T13:16:31.977+0000][1.693s] GC(5) Concurrent Rebuild Remembered Sets 1.145ms
[2024-10-20T13:16:31.977+0000][1.693s] GC(5) Pause Cleanup
[2024-10-20T13:16:31.977+0000][1.693s] GC(5) Pause Cleanup 30M->30M(512M) 0.085ms
[2024-10-20T13:16:31.977+0000][1.693s] GC(5) User=0.00s Sys=0.00s Real=0.00s
[2024-10-20T13:16:31.977+0000][1.693s] GC(5) Concurrent Cleanup for Next Mark
[2024-10-20T13:16:31.977+0000][1.693s] GC(5) Concurrent Cleanup for Next Mark 0.132ms
[2024-10-20T13:16:31.977+0000][1.693s] GC(5) Concurrent Mark Cycle 5.606ms
[2024-10-20T13:20:03.284+0000][213.000s] Heap
[2024-10-20T13:20:03.284+0000][213.000s]  garbage-first heap   total 524288K, used 203139K [0x00000000e0000000, 0x0000000100000000)
[2024-10-20T13:20:03.284+0000][213.000s]   region size 1024K, 188 young (192512K), 19 survivors (19456K)
[2024-10-20T13:20:03.284+0000][213.000s]  Metaspace       used 51362K, committed 51840K, reserved 1114112K
[2024-10-20T13:20:03.284+0000][213.000s]   class space    used 6561K, committed 6784K, reserved 1048576K
