[2024-10-19T20:59:15.735+0000][0.002s] Using G1
[2024-10-19T20:59:15.754+0000][0.021s] Version: 17.0.10+7 (release)
[2024-10-19T20:59:15.754+0000][0.021s] CPUs: 32 total, 32 available
[2024-10-19T20:59:15.754+0000][0.021s] Memory: 64064M
[2024-10-19T20:59:15.754+0000][0.021s] Large Page Support: Disabled
[2024-10-19T20:59:15.754+0000][0.021s] NUMA Support: Disabled
[2024-10-19T20:59:15.754+0000][0.021s] Compressed Oops: Enabled (32-bit)
[2024-10-19T20:59:15.754+0000][0.021s] Heap Region Size: 1M
[2024-10-19T20:59:15.754+0000][0.021s] Heap Min Capacity: 512M
[2024-10-19T20:59:15.754+0000][0.021s] Heap Initial Capacity: 512M
[2024-10-19T20:59:15.754+0000][0.021s] Heap Max Capacity: 512M
[2024-10-19T20:59:15.754+0000][0.021s] Pre-touch: Enabled
[2024-10-19T20:59:15.754+0000][0.021s] Parallel Workers: 23
[2024-10-19T20:59:15.754+0000][0.021s] Concurrent Workers: 6
[2024-10-19T20:59:15.754+0000][0.021s] Concurrent Refinement Workers: 23
[2024-10-19T20:59:15.754+0000][0.021s] Periodic GC: Disabled
[2024-10-19T20:59:15.758+0000][0.024s] CDS archive(s) mapped at: [0x0000716e2f000000-0x0000716e2fa5f000-0x0000716e2fa5f000), size 10874880, SharedBaseAddress: 0x0000716e2f000000, ArchiveRelocationMode: 1.
[2024-10-19T20:59:15.758+0000][0.024s] Compressed class space mapped at: 0x0000716e30000000-0x0000716e70000000, reserved size: 1073741824
[2024-10-19T20:59:15.758+0000][0.024s] Narrow klass base: 0x0000716e2f000000, Narrow klass shift: 0, Narrow klass range: 0x100000000
[2024-10-19T20:59:16.056+0000][0.323s] GC(0) Pause Young (Normal) (G1 Evacuation Pause)
[2024-10-19T20:59:16.056+0000][0.323s] GC(0) Using 12 workers of 23 for evacuation
[2024-10-19T20:59:16.058+0000][0.325s] GC(0)   Pre Evacuate Collection Set: 0.0ms
[2024-10-19T20:59:16.058+0000][0.325s] GC(0)   Merge Heap Roots: 0.0ms
[2024-10-19T20:59:16.058+0000][0.325s] GC(0)   Evacuate Collection Set: 1.6ms
[2024-10-19T20:59:16.058+0000][0.325s] GC(0)   Post Evacuate Collection Set: 0.3ms
[2024-10-19T20:59:16.058+0000][0.325s] GC(0)   Other: 0.1ms
[2024-10-19T20:59:16.058+0000][0.325s] GC(0) Eden regions: 29->0(59)
[2024-10-19T20:59:16.058+0000][0.325s] GC(0) Survivor regions: 0->4(4)
[2024-10-19T20:59:16.058+0000][0.325s] GC(0) Old regions: 0->1
[2024-10-19T20:59:16.058+0000][0.325s] GC(0) Archive regions: 2->2
[2024-10-19T20:59:16.058+0000][0.325s] GC(0) Humongous regions: 0->0
[2024-10-19T20:59:16.058+0000][0.325s] GC(0) Metaspace: 9784K(10112K)->9784K(10112K) NonClass: 8593K(8768K)->8593K(8768K) Class: 1191K(1344K)->1191K(1344K)
[2024-10-19T20:59:16.058+0000][0.325s] GC(0) Pause Young (Normal) (G1 Evacuation Pause) 29M->4M(512M) 2.017ms
[2024-10-19T20:59:16.058+0000][0.325s] GC(0) User=0.00s Sys=0.00s Real=0.00s
[2024-10-19T20:59:16.355+0000][0.621s] GC(1) Pause Young (Normal) (G1 Evacuation Pause)
[2024-10-19T20:59:16.355+0000][0.621s] GC(1) Using 22 workers of 23 for evacuation
[2024-10-19T20:59:16.357+0000][0.624s] GC(1)   Pre Evacuate Collection Set: 0.1ms
[2024-10-19T20:59:16.357+0000][0.624s] GC(1)   Merge Heap Roots: 0.0ms
[2024-10-19T20:59:16.357+0000][0.624s] GC(1)   Evacuate Collection Set: 2.0ms
[2024-10-19T20:59:16.357+0000][0.624s] GC(1)   Post Evacuate Collection Set: 0.2ms
[2024-10-19T20:59:16.357+0000][0.624s] GC(1)   Other: 0.1ms
[2024-10-19T20:59:16.357+0000][0.624s] GC(1) Eden regions: 59->0(81)
[2024-10-19T20:59:16.357+0000][0.624s] GC(1) Survivor regions: 4->8(8)
[2024-10-19T20:59:16.357+0000][0.624s] GC(1) Old regions: 1->6
[2024-10-19T20:59:16.357+0000][0.624s] GC(1) Archive regions: 2->2
[2024-10-19T20:59:16.357+0000][0.624s] GC(1) Humongous regions: 4->4
[2024-10-19T20:59:16.357+0000][0.624s] GC(1) Metaspace: 17997K(18304K)->17997K(18304K) NonClass: 15801K(16000K)->15801K(16000K) Class: 2196K(2304K)->2196K(2304K)
[2024-10-19T20:59:16.357+0000][0.624s] GC(1) Pause Young (Normal) (G1 Evacuation Pause) 67M->18M(512M) 2.484ms
[2024-10-19T20:59:16.357+0000][0.624s] GC(1) User=0.03s Sys=0.01s Real=0.00s
[2024-10-19T20:59:16.538+0000][0.805s] GC(2) Pause Young (Concurrent Start) (Metadata GC Threshold)
[2024-10-19T20:59:16.538+0000][0.805s] GC(2) Using 23 workers of 23 for evacuation
[2024-10-19T20:59:16.540+0000][0.807s] GC(2)   Pre Evacuate Collection Set: 0.1ms
[2024-10-19T20:59:16.540+0000][0.807s] GC(2)   Merge Heap Roots: 0.0ms
[2024-10-19T20:59:16.540+0000][0.807s] GC(2)   Evacuate Collection Set: 1.3ms
[2024-10-19T20:59:16.540+0000][0.807s] GC(2)   Post Evacuate Collection Set: 0.3ms
[2024-10-19T20:59:16.540+0000][0.807s] GC(2)   Other: 0.2ms
[2024-10-19T20:59:16.540+0000][0.807s] GC(2) Eden regions: 77->0(113)
[2024-10-19T20:59:16.540+0000][0.807s] GC(2) Survivor regions: 8->11(12)
[2024-10-19T20:59:16.540+0000][0.807s] GC(2) Old regions: 6->9
[2024-10-19T20:59:16.540+0000][0.807s] GC(2) Archive regions: 2->2
[2024-10-19T20:59:16.540+0000][0.807s] GC(2) Humongous regions: 4->4
[2024-10-19T20:59:16.540+0000][0.807s] GC(2) Metaspace: 21227K(21504K)->21227K(21504K) NonClass: 18646K(18816K)->18646K(18816K) Class: 2581K(2688K)->2581K(2688K)
[2024-10-19T20:59:16.540+0000][0.807s] GC(2) Pause Young (Concurrent Start) (Metadata GC Threshold) 95M->24M(512M) 1.908ms
[2024-10-19T20:59:16.540+0000][0.807s] GC(2) User=0.02s Sys=0.00s Real=0.01s
[2024-10-19T20:59:16.540+0000][0.807s] GC(3) Concurrent Mark Cycle
[2024-10-19T20:59:16.540+0000][0.807s] GC(3) Concurrent Clear Claimed Marks
[2024-10-19T20:59:16.540+0000][0.807s] GC(3) Concurrent Clear Claimed Marks 0.016ms
[2024-10-19T20:59:16.540+0000][0.807s] GC(3) Concurrent Scan Root Regions
[2024-10-19T20:59:16.541+0000][0.808s] GC(3) Concurrent Scan Root Regions 0.775ms
[2024-10-19T20:59:16.541+0000][0.808s] GC(3) Concurrent Mark
[2024-10-19T20:59:16.541+0000][0.808s] GC(3) Concurrent Mark From Roots
[2024-10-19T20:59:16.541+0000][0.808s] GC(3) Using 6 workers of 6 for marking
[2024-10-19T20:59:16.543+0000][0.809s] GC(3) Concurrent Mark From Roots 1.367ms
[2024-10-19T20:59:16.543+0000][0.809s] GC(3) Concurrent Preclean
[2024-10-19T20:59:16.543+0000][0.809s] GC(3) Concurrent Preclean 0.057ms
[2024-10-19T20:59:16.543+0000][0.809s] GC(3) Pause Remark
[2024-10-19T20:59:16.543+0000][0.810s] GC(3) Pause Remark 24M->24M(512M) 0.707ms
[2024-10-19T20:59:16.543+0000][0.810s] GC(3) User=0.00s Sys=0.00s Real=0.00s
[2024-10-19T20:59:16.543+0000][0.810s] GC(3) Concurrent Mark 2.281ms
[2024-10-19T20:59:16.543+0000][0.810s] GC(3) Concurrent Rebuild Remembered Sets
[2024-10-19T20:59:16.544+0000][0.811s] GC(3) Concurrent Rebuild Remembered Sets 0.860ms
[2024-10-19T20:59:16.544+0000][0.811s] GC(3) Pause Cleanup
[2024-10-19T20:59:16.544+0000][0.811s] GC(3) Pause Cleanup 24M->24M(512M) 0.083ms
[2024-10-19T20:59:16.544+0000][0.811s] GC(3) User=0.00s Sys=0.00s Real=0.00s
[2024-10-19T20:59:16.544+0000][0.811s] GC(3) Concurrent Cleanup for Next Mark
[2024-10-19T20:59:16.545+0000][0.811s] GC(3) Concurrent Cleanup for Next Mark 0.113ms
[2024-10-19T20:59:16.545+0000][0.811s] GC(3) Concurrent Mark Cycle 4.266ms
[2024-10-19T20:59:17.084+0000][1.351s] GC(4) Pause Young (Concurrent Start) (GCLocker Initiated GC)
[2024-10-19T20:59:17.084+0000][1.351s] GC(4) Using 23 workers of 23 for evacuation
[2024-10-19T20:59:17.092+0000][1.359s] GC(4)   Pre Evacuate Collection Set: 0.1ms
[2024-10-19T20:59:17.093+0000][1.359s] GC(4)   Merge Heap Roots: 0.0ms
[2024-10-19T20:59:17.093+0000][1.359s] GC(4)   Evacuate Collection Set: 6.6ms
[2024-10-19T20:59:17.093+0000][1.359s] GC(4)   Post Evacuate Collection Set: 1.5ms
[2024-10-19T20:59:17.093+0000][1.359s] GC(4)   Other: 0.1ms
[2024-10-19T20:59:17.093+0000][1.359s] GC(4) Eden regions: 103->0(216)
[2024-10-19T20:59:17.093+0000][1.359s] GC(4) Survivor regions: 11->12(17)
[2024-10-19T20:59:17.093+0000][1.359s] GC(4) Old regions: 9->15
[2024-10-19T20:59:17.093+0000][1.359s] GC(4) Archive regions: 2->2
[2024-10-19T20:59:17.093+0000][1.359s] GC(4) Humongous regions: 5->4
[2024-10-19T20:59:17.093+0000][1.359s] GC(4) Metaspace: 35754K(36160K)->35754K(36160K) NonClass: 31343K(31552K)->31343K(31552K) Class: 4411K(4608K)->4411K(4608K)
[2024-10-19T20:59:17.093+0000][1.359s] GC(4) Pause Young (Concurrent Start) (GCLocker Initiated GC) 127M->30M(512M) 8.494ms
[2024-10-19T20:59:17.093+0000][1.359s] GC(4) User=0.05s Sys=0.00s Real=0.01s
[2024-10-19T20:59:17.093+0000][1.359s] GC(5) Concurrent Mark Cycle
[2024-10-19T20:59:17.093+0000][1.359s] GC(5) Concurrent Clear Claimed Marks
[2024-10-19T20:59:17.093+0000][1.359s] GC(5) Concurrent Clear Claimed Marks 0.031ms
[2024-10-19T20:59:17.093+0000][1.359s] GC(5) Concurrent Scan Root Regions
[2024-10-19T20:59:17.094+0000][1.361s] GC(5) Concurrent Scan Root Regions 1.252ms
[2024-10-19T20:59:17.094+0000][1.361s] GC(5) Concurrent Mark
[2024-10-19T20:59:17.094+0000][1.361s] GC(5) Concurrent Mark From Roots
[2024-10-19T20:59:17.094+0000][1.361s] GC(5) Using 6 workers of 6 for marking
[2024-10-19T20:59:17.096+0000][1.363s] GC(5) Concurrent Mark From Roots 2.424ms
[2024-10-19T20:59:17.096+0000][1.363s] GC(5) Concurrent Preclean
[2024-10-19T20:59:17.097+0000][1.363s] GC(5) Concurrent Preclean 0.149ms
[2024-10-19T20:59:17.097+0000][1.364s] GC(5) Pause Remark
[2024-10-19T20:59:17.098+0000][1.365s] GC(5) Pause Remark 31M->31M(512M) 0.927ms
[2024-10-19T20:59:17.098+0000][1.365s] GC(5) User=0.01s Sys=0.00s Real=0.00s
[2024-10-19T20:59:17.098+0000][1.365s] GC(5) Concurrent Mark 4.184ms
[2024-10-19T20:59:17.098+0000][1.365s] GC(5) Concurrent Rebuild Remembered Sets
[2024-10-19T20:59:17.100+0000][1.366s] GC(5) Concurrent Rebuild Remembered Sets 1.428ms
[2024-10-19T20:59:17.100+0000][1.366s] GC(5) Pause Cleanup
[2024-10-19T20:59:17.100+0000][1.367s] GC(5) Pause Cleanup 31M->31M(512M) 0.091ms
[2024-10-19T20:59:17.100+0000][1.367s] GC(5) User=0.00s Sys=0.00s Real=0.00s
[2024-10-19T20:59:17.100+0000][1.367s] GC(5) Concurrent Cleanup for Next Mark
[2024-10-19T20:59:17.100+0000][1.367s] GC(5) Concurrent Cleanup for Next Mark 0.128ms
[2024-10-19T20:59:17.100+0000][1.367s] GC(5) Concurrent Mark Cycle 7.362ms
[2024-10-19T21:03:10.834+0000][235.101s] Heap
[2024-10-19T21:03:10.834+0000][235.101s]  garbage-first heap   total 524288K, used 201419K [0x00000000e0000000, 0x0000000100000000)
[2024-10-19T21:03:10.834+0000][235.101s]   region size 1024K, 179 young (183296K), 12 survivors (12288K)
[2024-10-19T21:03:10.834+0000][235.101s]  Metaspace       used 51346K, committed 51840K, reserved 1114112K
[2024-10-19T21:03:10.834+0000][235.101s]   class space    used 6563K, committed 6784K, reserved 1048576K
