[2024-10-19T21:38:43.087+0000][0.003s] Using G1
[2024-10-19T21:38:43.106+0000][0.022s] Version: 17.0.10+7 (release)
[2024-10-19T21:38:43.106+0000][0.022s] CPUs: 32 total, 32 available
[2024-10-19T21:38:43.106+0000][0.022s] Memory: 64064M
[2024-10-19T21:38:43.106+0000][0.022s] Large Page Support: Disabled
[2024-10-19T21:38:43.106+0000][0.022s] NUMA Support: Disabled
[2024-10-19T21:38:43.106+0000][0.022s] Compressed Oops: Enabled (32-bit)
[2024-10-19T21:38:43.106+0000][0.022s] Heap Region Size: 1M
[2024-10-19T21:38:43.106+0000][0.022s] Heap Min Capacity: 512M
[2024-10-19T21:38:43.106+0000][0.022s] Heap Initial Capacity: 512M
[2024-10-19T21:38:43.106+0000][0.022s] Heap Max Capacity: 512M
[2024-10-19T21:38:43.106+0000][0.022s] Pre-touch: Enabled
[2024-10-19T21:38:43.106+0000][0.022s] Parallel Workers: 23
[2024-10-19T21:38:43.106+0000][0.022s] Concurrent Workers: 6
[2024-10-19T21:38:43.106+0000][0.022s] Concurrent Refinement Workers: 23
[2024-10-19T21:38:43.106+0000][0.022s] Periodic GC: Disabled
[2024-10-19T21:38:43.109+0000][0.025s] CDS archive(s) mapped at: [0x00007cd8c7000000-0x00007cd8c7a5f000-0x00007cd8c7a5f000), size 10874880, SharedBaseAddress: 0x00007cd8c7000000, ArchiveRelocationMode: 1.
[2024-10-19T21:38:43.109+0000][0.025s] Compressed class space mapped at: 0x00007cd8c8000000-0x00007cd908000000, reserved size: 1073741824
[2024-10-19T21:38:43.109+0000][0.025s] Narrow klass base: 0x00007cd8c7000000, Narrow klass shift: 0, Narrow klass range: 0x100000000
[2024-10-19T21:38:43.360+0000][0.276s] GC(0) Pause Young (Normal) (G1 Evacuation Pause)
[2024-10-19T21:38:43.360+0000][0.276s] GC(0) Using 12 workers of 23 for evacuation
[2024-10-19T21:38:43.361+0000][0.278s] GC(0)   Pre Evacuate Collection Set: 0.0ms
[2024-10-19T21:38:43.361+0000][0.278s] GC(0)   Merge Heap Roots: 0.0ms
[2024-10-19T21:38:43.361+0000][0.278s] GC(0)   Evacuate Collection Set: 0.9ms
[2024-10-19T21:38:43.362+0000][0.278s] GC(0)   Post Evacuate Collection Set: 0.1ms
[2024-10-19T21:38:43.362+0000][0.278s] GC(0)   Other: 0.1ms
[2024-10-19T21:38:43.362+0000][0.278s] GC(0) Eden regions: 29->0(59)
[2024-10-19T21:38:43.362+0000][0.278s] GC(0) Survivor regions: 0->4(4)
[2024-10-19T21:38:43.362+0000][0.278s] GC(0) Old regions: 0->1
[2024-10-19T21:38:43.362+0000][0.278s] GC(0) Archive regions: 2->2
[2024-10-19T21:38:43.362+0000][0.278s] GC(0) Humongous regions: 0->0
[2024-10-19T21:38:43.362+0000][0.278s] GC(0) Metaspace: 9738K(10048K)->9738K(10048K) NonClass: 8552K(8704K)->8552K(8704K) Class: 1185K(1344K)->1185K(1344K)
[2024-10-19T21:38:43.362+0000][0.278s] GC(0) Pause Young (Normal) (G1 Evacuation Pause) 29M->4M(512M) 1.166ms
[2024-10-19T21:38:43.362+0000][0.278s] GC(0) User=0.01s Sys=0.00s Real=0.00s
[2024-10-19T21:38:43.634+0000][0.550s] GC(1) Pause Young (Normal) (G1 Evacuation Pause)
[2024-10-19T21:38:43.634+0000][0.550s] GC(1) Using 22 workers of 23 for evacuation
[2024-10-19T21:38:43.636+0000][0.552s] GC(1)   Pre Evacuate Collection Set: 0.1ms
[2024-10-19T21:38:43.636+0000][0.552s] GC(1)   Merge Heap Roots: 0.0ms
[2024-10-19T21:38:43.636+0000][0.552s] GC(1)   Evacuate Collection Set: 2.0ms
[2024-10-19T21:38:43.636+0000][0.552s] GC(1)   Post Evacuate Collection Set: 0.3ms
[2024-10-19T21:38:43.636+0000][0.552s] GC(1)   Other: 0.1ms
[2024-10-19T21:38:43.636+0000][0.552s] GC(1) Eden regions: 59->0(79)
[2024-10-19T21:38:43.636+0000][0.552s] GC(1) Survivor regions: 4->8(8)
[2024-10-19T21:38:43.636+0000][0.552s] GC(1) Old regions: 1->6
[2024-10-19T21:38:43.636+0000][0.552s] GC(1) Archive regions: 2->2
[2024-10-19T21:38:43.636+0000][0.552s] GC(1) Humongous regions: 4->4
[2024-10-19T21:38:43.636+0000][0.552s] GC(1) Metaspace: 18000K(18240K)->18000K(18240K) NonClass: 15804K(15936K)->15804K(15936K) Class: 2196K(2304K)->2196K(2304K)
[2024-10-19T21:38:43.636+0000][0.552s] GC(1) Pause Young (Normal) (G1 Evacuation Pause) 67M->18M(512M) 2.518ms
[2024-10-19T21:38:43.636+0000][0.552s] GC(1) User=0.03s Sys=0.00s Real=0.00s
[2024-10-19T21:38:43.771+0000][0.687s] GC(2) Pause Young (Concurrent Start) (GCLocker Initiated GC)
[2024-10-19T21:38:43.771+0000][0.687s] GC(2) Using 23 workers of 23 for evacuation
[2024-10-19T21:38:43.773+0000][0.689s] GC(2)   Pre Evacuate Collection Set: 0.1ms
[2024-10-19T21:38:43.773+0000][0.689s] GC(2)   Merge Heap Roots: 0.0ms
[2024-10-19T21:38:43.773+0000][0.689s] GC(2)   Evacuate Collection Set: 1.3ms
[2024-10-19T21:38:43.773+0000][0.689s] GC(2)   Post Evacuate Collection Set: 0.3ms
[2024-10-19T21:38:43.773+0000][0.689s] GC(2)   Other: 0.2ms
[2024-10-19T21:38:43.773+0000][0.689s] GC(2) Eden regions: 77->0(122)
[2024-10-19T21:38:43.773+0000][0.689s] GC(2) Survivor regions: 8->6(11)
[2024-10-19T21:38:43.773+0000][0.689s] GC(2) Old regions: 6->15
[2024-10-19T21:38:43.773+0000][0.689s] GC(2) Archive regions: 2->2
[2024-10-19T21:38:43.773+0000][0.689s] GC(2) Humongous regions: 4->4
[2024-10-19T21:38:43.773+0000][0.689s] GC(2) Metaspace: 21230K(21568K)->21230K(21568K) NonClass: 18647K(18880K)->18647K(18880K) Class: 2582K(2688K)->2582K(2688K)
[2024-10-19T21:38:43.773+0000][0.689s] GC(2) Pause Young (Concurrent Start) (GCLocker Initiated GC) 95M->24M(512M) 1.851ms
[2024-10-19T21:38:43.773+0000][0.689s] GC(2) User=0.02s Sys=0.00s Real=0.00s
[2024-10-19T21:38:43.773+0000][0.689s] GC(3) Concurrent Mark Cycle
[2024-10-19T21:38:43.773+0000][0.689s] GC(3) Concurrent Clear Claimed Marks
[2024-10-19T21:38:43.773+0000][0.689s] GC(3) Concurrent Clear Claimed Marks 0.012ms
[2024-10-19T21:38:43.773+0000][0.689s] GC(3) Concurrent Scan Root Regions
[2024-10-19T21:38:43.774+0000][0.690s] GC(3) Concurrent Scan Root Regions 0.814ms
[2024-10-19T21:38:43.774+0000][0.690s] GC(3) Concurrent Mark
[2024-10-19T21:38:43.774+0000][0.690s] GC(3) Concurrent Mark From Roots
[2024-10-19T21:38:43.774+0000][0.690s] GC(3) Using 6 workers of 6 for marking
[2024-10-19T21:38:43.776+0000][0.692s] GC(3) Concurrent Mark From Roots 1.575ms
[2024-10-19T21:38:43.776+0000][0.692s] GC(3) Concurrent Preclean
[2024-10-19T21:38:43.776+0000][0.692s] GC(3) Concurrent Preclean 0.116ms
[2024-10-19T21:38:43.776+0000][0.692s] GC(3) Pause Remark
[2024-10-19T21:38:43.777+0000][0.693s] GC(3) Pause Remark 25M->25M(512M) 0.874ms
[2024-10-19T21:38:43.777+0000][0.693s] GC(3) User=0.01s Sys=0.00s Real=0.00s
[2024-10-19T21:38:43.777+0000][0.693s] GC(3) Concurrent Mark 2.639ms
[2024-10-19T21:38:43.777+0000][0.693s] GC(3) Concurrent Rebuild Remembered Sets
[2024-10-19T21:38:43.778+0000][0.694s] GC(3) Concurrent Rebuild Remembered Sets 1.057ms
[2024-10-19T21:38:43.780+0000][0.696s] GC(3) Pause Cleanup
[2024-10-19T21:38:43.780+0000][0.696s] GC(3) Pause Cleanup 26M->26M(512M) 0.098ms
[2024-10-19T21:38:43.780+0000][0.696s] GC(3) User=0.00s Sys=0.00s Real=0.00s
[2024-10-19T21:38:43.780+0000][0.696s] GC(3) Concurrent Cleanup for Next Mark
[2024-10-19T21:38:43.780+0000][0.696s] GC(3) Concurrent Cleanup for Next Mark 0.115ms
[2024-10-19T21:38:43.780+0000][0.696s] GC(3) Concurrent Mark Cycle 6.956ms
[2024-10-19T21:38:44.518+0000][1.434s] GC(4) Pause Young (Normal) (G1 Evacuation Pause)
[2024-10-19T21:38:44.518+0000][1.434s] GC(4) Using 23 workers of 23 for evacuation
[2024-10-19T21:38:44.520+0000][1.436s] GC(4)   Pre Evacuate Collection Set: 0.1ms
[2024-10-19T21:38:44.520+0000][1.436s] GC(4)   Merge Heap Roots: 0.1ms
[2024-10-19T21:38:44.520+0000][1.436s] GC(4)   Evacuate Collection Set: 1.4ms
[2024-10-19T21:38:44.520+0000][1.436s] GC(4)   Post Evacuate Collection Set: 0.4ms
[2024-10-19T21:38:44.520+0000][1.436s] GC(4)   Other: 0.1ms
[2024-10-19T21:38:44.520+0000][1.436s] GC(4) Eden regions: 122->0(296)
[2024-10-19T21:38:44.520+0000][1.436s] GC(4) Survivor regions: 6->11(16)
[2024-10-19T21:38:44.520+0000][1.436s] GC(4) Old regions: 15->15
[2024-10-19T21:38:44.520+0000][1.436s] GC(4) Archive regions: 2->2
[2024-10-19T21:38:44.520+0000][1.436s] GC(4) Humongous regions: 5->4
[2024-10-19T21:38:44.520+0000][1.436s] GC(4) Metaspace: 35488K(35904K)->35488K(35904K) NonClass: 31112K(31360K)->31112K(31360K) Class: 4375K(4544K)->4375K(4544K)
[2024-10-19T21:38:44.520+0000][1.436s] GC(4) Pause Young (Normal) (G1 Evacuation Pause) 147M->30M(512M) 1.995ms
[2024-10-19T21:38:44.520+0000][1.436s] GC(4) User=0.02s Sys=0.00s Real=0.01s
[2024-10-19T21:38:44.525+0000][1.441s] GC(5) Pause Young (Concurrent Start) (Metadata GC Threshold)
[2024-10-19T21:38:44.525+0000][1.441s] GC(5) Using 23 workers of 23 for evacuation
[2024-10-19T21:38:44.527+0000][1.443s] GC(5)   Pre Evacuate Collection Set: 0.1ms
[2024-10-19T21:38:44.527+0000][1.443s] GC(5)   Merge Heap Roots: 0.0ms
[2024-10-19T21:38:44.527+0000][1.443s] GC(5)   Evacuate Collection Set: 1.5ms
[2024-10-19T21:38:44.527+0000][1.443s] GC(5)   Post Evacuate Collection Set: 0.2ms
[2024-10-19T21:38:44.527+0000][1.443s] GC(5)   Other: 0.2ms
[2024-10-19T21:38:44.527+0000][1.443s] GC(5) Eden regions: 2->0(295)
[2024-10-19T21:38:44.527+0000][1.443s] GC(5) Survivor regions: 11->12(39)
[2024-10-19T21:38:44.527+0000][1.443s] GC(5) Old regions: 15->15
[2024-10-19T21:38:44.527+0000][1.443s] GC(5) Archive regions: 2->2
[2024-10-19T21:38:44.527+0000][1.443s] GC(5) Humongous regions: 4->4
[2024-10-19T21:38:44.527+0000][1.443s] GC(5) Metaspace: 35696K(36096K)->35696K(36096K) NonClass: 31291K(31488K)->31291K(31488K) Class: 4405K(4608K)->4405K(4608K)
[2024-10-19T21:38:44.527+0000][1.443s] GC(5) Pause Young (Concurrent Start) (Metadata GC Threshold) 32M->30M(512M) 2.030ms
[2024-10-19T21:38:44.527+0000][1.443s] GC(5) User=0.02s Sys=0.01s Real=0.00s
[2024-10-19T21:38:44.527+0000][1.443s] GC(6) Concurrent Mark Cycle
[2024-10-19T21:38:44.527+0000][1.443s] GC(6) Concurrent Clear Claimed Marks
[2024-10-19T21:38:44.527+0000][1.443s] GC(6) Concurrent Clear Claimed Marks 0.015ms
[2024-10-19T21:38:44.527+0000][1.443s] GC(6) Concurrent Scan Root Regions
[2024-10-19T21:38:44.528+0000][1.444s] GC(6) Concurrent Scan Root Regions 0.611ms
[2024-10-19T21:38:44.528+0000][1.444s] GC(6) Concurrent Mark
[2024-10-19T21:38:44.528+0000][1.444s] GC(6) Concurrent Mark From Roots
[2024-10-19T21:38:44.528+0000][1.444s] GC(6) Using 6 workers of 6 for marking
[2024-10-19T21:38:44.531+0000][1.447s] GC(6) Concurrent Mark From Roots 3.298ms
[2024-10-19T21:38:44.531+0000][1.447s] GC(6) Concurrent Preclean
[2024-10-19T21:38:44.532+0000][1.448s] GC(6) Concurrent Preclean 0.165ms
[2024-10-19T21:38:44.532+0000][1.448s] GC(6) Pause Remark
[2024-10-19T21:38:44.532+0000][1.448s] GC(6) Pause Remark 31M->31M(512M) 0.768ms
[2024-10-19T21:38:44.532+0000][1.448s] GC(6) User=0.02s Sys=0.00s Real=0.00s
[2024-10-19T21:38:44.532+0000][1.448s] GC(6) Concurrent Mark 4.413ms
[2024-10-19T21:38:44.532+0000][1.448s] GC(6) Concurrent Rebuild Remembered Sets
[2024-10-19T21:38:44.534+0000][1.450s] GC(6) Concurrent Rebuild Remembered Sets 1.301ms
[2024-10-19T21:38:44.534+0000][1.450s] GC(6) Pause Cleanup
[2024-10-19T21:38:44.534+0000][1.450s] GC(6) Pause Cleanup 32M->32M(512M) 0.078ms
[2024-10-19T21:38:44.534+0000][1.450s] GC(6) User=0.00s Sys=0.00s Real=0.00s
[2024-10-19T21:38:44.534+0000][1.450s] GC(6) Concurrent Cleanup for Next Mark
[2024-10-19T21:38:44.534+0000][1.450s] GC(6) Concurrent Cleanup for Next Mark 0.120ms
[2024-10-19T21:38:44.534+0000][1.450s] GC(6) Concurrent Mark Cycle 6.742ms
[2024-10-19T22:17:05.723+0000][2302.639s] Heap
[2024-10-19T22:17:05.723+0000][2302.639s]  garbage-first heap   total 524288K, used 203992K [0x00000000e0000000, 0x0000000100000000)
[2024-10-19T22:17:05.723+0000][2302.639s]   region size 1024K, 181 young (185344K), 12 survivors (12288K)
[2024-10-19T22:17:05.723+0000][2302.639s]  Metaspace       used 51395K, committed 51840K, reserved 1114112K
[2024-10-19T22:17:05.723+0000][2302.639s]   class space    used 6568K, committed 6784K, reserved 1048576K
