[2024-10-19T21:20:36.324+0000][0.002s] Using G1
[2024-10-19T21:20:36.340+0000][0.019s] Version: 17.0.10+7 (release)
[2024-10-19T21:20:36.340+0000][0.019s] CPUs: 32 total, 32 available
[2024-10-19T21:20:36.340+0000][0.019s] Memory: 64064M
[2024-10-19T21:20:36.340+0000][0.019s] Large Page Support: Disabled
[2024-10-19T21:20:36.340+0000][0.019s] NUMA Support: Disabled
[2024-10-19T21:20:36.340+0000][0.019s] Compressed Oops: Enabled (32-bit)
[2024-10-19T21:20:36.340+0000][0.019s] Heap Region Size: 1M
[2024-10-19T21:20:36.340+0000][0.019s] Heap Min Capacity: 512M
[2024-10-19T21:20:36.340+0000][0.019s] Heap Initial Capacity: 512M
[2024-10-19T21:20:36.340+0000][0.019s] Heap Max Capacity: 512M
[2024-10-19T21:20:36.340+0000][0.019s] Pre-touch: Enabled
[2024-10-19T21:20:36.340+0000][0.019s] Parallel Workers: 23
[2024-10-19T21:20:36.340+0000][0.019s] Concurrent Workers: 6
[2024-10-19T21:20:36.340+0000][0.019s] Concurrent Refinement Workers: 23
[2024-10-19T21:20:36.340+0000][0.019s] Periodic GC: Disabled
[2024-10-19T21:20:36.343+0000][0.022s] CDS archive(s) mapped at: [0x00007c64a7000000-0x00007c64a7a5f000-0x00007c64a7a5f000), size 10874880, SharedBaseAddress: 0x00007c64a7000000, ArchiveRelocationMode: 1.
[2024-10-19T21:20:36.343+0000][0.022s] Compressed class space mapped at: 0x00007c64a8000000-0x00007c64e8000000, reserved size: 1073741824
[2024-10-19T21:20:36.343+0000][0.022s] Narrow klass base: 0x00007c64a7000000, Narrow klass shift: 0, Narrow klass range: 0x100000000
[2024-10-19T21:20:36.648+0000][0.326s] GC(0) Pause Young (Normal) (G1 Evacuation Pause)
[2024-10-19T21:20:36.648+0000][0.326s] GC(0) Using 12 workers of 23 for evacuation
[2024-10-19T21:20:36.649+0000][0.328s] GC(0)   Pre Evacuate Collection Set: 0.1ms
[2024-10-19T21:20:36.649+0000][0.328s] GC(0)   Merge Heap Roots: 0.0ms
[2024-10-19T21:20:36.649+0000][0.328s] GC(0)   Evacuate Collection Set: 0.8ms
[2024-10-19T21:20:36.649+0000][0.328s] GC(0)   Post Evacuate Collection Set: 0.2ms
[2024-10-19T21:20:36.649+0000][0.328s] GC(0)   Other: 0.1ms
[2024-10-19T21:20:36.649+0000][0.328s] GC(0) Eden regions: 29->0(59)
[2024-10-19T21:20:36.649+0000][0.328s] GC(0) Survivor regions: 0->4(4)
[2024-10-19T21:20:36.649+0000][0.328s] GC(0) Old regions: 0->1
[2024-10-19T21:20:36.649+0000][0.328s] GC(0) Archive regions: 2->2
[2024-10-19T21:20:36.649+0000][0.328s] GC(0) Humongous regions: 0->0
[2024-10-19T21:20:36.649+0000][0.328s] GC(0) Metaspace: 9825K(10112K)->9825K(10112K) NonClass: 8630K(8768K)->8630K(8768K) Class: 1194K(1344K)->1194K(1344K)
[2024-10-19T21:20:36.649+0000][0.328s] GC(0) Pause Young (Normal) (G1 Evacuation Pause) 29M->5M(512M) 1.118ms
[2024-10-19T21:20:36.649+0000][0.328s] GC(0) User=0.01s Sys=0.00s Real=0.01s
[2024-10-19T21:20:36.934+0000][0.613s] GC(1) Pause Young (Normal) (G1 Evacuation Pause)
[2024-10-19T21:20:36.934+0000][0.613s] GC(1) Using 22 workers of 23 for evacuation
[2024-10-19T21:20:36.936+0000][0.615s] GC(1)   Pre Evacuate Collection Set: 0.1ms
[2024-10-19T21:20:36.936+0000][0.615s] GC(1)   Merge Heap Roots: 0.0ms
[2024-10-19T21:20:36.936+0000][0.615s] GC(1)   Evacuate Collection Set: 1.8ms
[2024-10-19T21:20:36.936+0000][0.615s] GC(1)   Post Evacuate Collection Set: 0.3ms
[2024-10-19T21:20:36.936+0000][0.615s] GC(1)   Other: 0.1ms
[2024-10-19T21:20:36.936+0000][0.615s] GC(1) Eden regions: 59->0(172)
[2024-10-19T21:20:36.936+0000][0.615s] GC(1) Survivor regions: 4->8(8)
[2024-10-19T21:20:36.936+0000][0.615s] GC(1) Old regions: 1->6
[2024-10-19T21:20:36.936+0000][0.615s] GC(1) Archive regions: 2->2
[2024-10-19T21:20:36.936+0000][0.615s] GC(1) Humongous regions: 4->4
[2024-10-19T21:20:36.936+0000][0.615s] GC(1) Metaspace: 18004K(18240K)->18004K(18240K) NonClass: 15807K(15936K)->15807K(15936K) Class: 2196K(2304K)->2196K(2304K)
[2024-10-19T21:20:36.936+0000][0.615s] GC(1) Pause Young (Normal) (G1 Evacuation Pause) 68M->18M(512M) 2.425ms
[2024-10-19T21:20:36.936+0000][0.615s] GC(1) User=0.04s Sys=0.00s Real=0.00s
[2024-10-19T21:20:37.117+0000][0.796s] GC(2) Pause Young (Concurrent Start) (Metadata GC Threshold)
[2024-10-19T21:20:37.117+0000][0.796s] GC(2) Using 23 workers of 23 for evacuation
[2024-10-19T21:20:37.119+0000][0.798s] GC(2)   Pre Evacuate Collection Set: 0.1ms
[2024-10-19T21:20:37.119+0000][0.798s] GC(2)   Merge Heap Roots: 0.0ms
[2024-10-19T21:20:37.119+0000][0.798s] GC(2)   Evacuate Collection Set: 1.2ms
[2024-10-19T21:20:37.119+0000][0.798s] GC(2)   Post Evacuate Collection Set: 0.3ms
[2024-10-19T21:20:37.119+0000][0.798s] GC(2)   Other: 0.2ms
[2024-10-19T21:20:37.119+0000][0.798s] GC(2) Eden regions: 78->0(106)
[2024-10-19T21:20:37.119+0000][0.798s] GC(2) Survivor regions: 8->13(23)
[2024-10-19T21:20:37.119+0000][0.798s] GC(2) Old regions: 6->6
[2024-10-19T21:20:37.119+0000][0.798s] GC(2) Archive regions: 2->2
[2024-10-19T21:20:37.119+0000][0.798s] GC(2) Humongous regions: 4->4
[2024-10-19T21:20:37.119+0000][0.798s] GC(2) Metaspace: 21220K(21504K)->21220K(21504K) NonClass: 18637K(18816K)->18637K(18816K) Class: 2582K(2688K)->2582K(2688K)
[2024-10-19T21:20:37.119+0000][0.798s] GC(2) Pause Young (Concurrent Start) (Metadata GC Threshold) 96M->23M(512M) 1.887ms
[2024-10-19T21:20:37.119+0000][0.798s] GC(2) User=0.02s Sys=0.01s Real=0.01s
[2024-10-19T21:20:37.119+0000][0.798s] GC(3) Concurrent Mark Cycle
[2024-10-19T21:20:37.119+0000][0.798s] GC(3) Concurrent Clear Claimed Marks
[2024-10-19T21:20:37.119+0000][0.798s] GC(3) Concurrent Clear Claimed Marks 0.013ms
[2024-10-19T21:20:37.119+0000][0.798s] GC(3) Concurrent Scan Root Regions
[2024-10-19T21:20:37.120+0000][0.799s] GC(3) Concurrent Scan Root Regions 0.912ms
[2024-10-19T21:20:37.120+0000][0.799s] GC(3) Concurrent Mark
[2024-10-19T21:20:37.120+0000][0.799s] GC(3) Concurrent Mark From Roots
[2024-10-19T21:20:37.120+0000][0.799s] GC(3) Using 6 workers of 6 for marking
[2024-10-19T21:20:37.122+0000][0.801s] GC(3) Concurrent Mark From Roots 1.701ms
[2024-10-19T21:20:37.122+0000][0.801s] GC(3) Concurrent Preclean
[2024-10-19T21:20:37.122+0000][0.801s] GC(3) Concurrent Preclean 0.118ms
[2024-10-19T21:20:37.122+0000][0.801s] GC(3) Pause Remark
[2024-10-19T21:20:37.123+0000][0.802s] GC(3) Pause Remark 24M->24M(512M) 0.772ms
[2024-10-19T21:20:37.123+0000][0.802s] GC(3) User=0.01s Sys=0.00s Real=0.00s
[2024-10-19T21:20:37.123+0000][0.802s] GC(3) Concurrent Mark 2.676ms
[2024-10-19T21:20:37.123+0000][0.802s] GC(3) Concurrent Rebuild Remembered Sets
[2024-10-19T21:20:37.124+0000][0.803s] GC(3) Concurrent Rebuild Remembered Sets 0.745ms
[2024-10-19T21:20:37.124+0000][0.803s] GC(3) Pause Cleanup
[2024-10-19T21:20:37.124+0000][0.803s] GC(3) Pause Cleanup 24M->24M(512M) 0.046ms
[2024-10-19T21:20:37.124+0000][0.803s] GC(3) User=0.00s Sys=0.00s Real=0.00s
[2024-10-19T21:20:37.124+0000][0.803s] GC(3) Concurrent Cleanup for Next Mark
[2024-10-19T21:20:37.124+0000][0.803s] GC(3) Concurrent Cleanup for Next Mark 0.105ms
[2024-10-19T21:20:37.124+0000][0.803s] GC(3) Concurrent Mark Cycle 4.664ms
[2024-10-19T21:20:37.755+0000][1.434s] GC(4) Pause Young (Concurrent Start) (GCLocker Initiated GC)
[2024-10-19T21:20:37.755+0000][1.434s] GC(4) Using 23 workers of 23 for evacuation
[2024-10-19T21:20:37.758+0000][1.437s] GC(4)   Pre Evacuate Collection Set: 0.1ms
[2024-10-19T21:20:37.758+0000][1.437s] GC(4)   Merge Heap Roots: 0.1ms
[2024-10-19T21:20:37.758+0000][1.437s] GC(4)   Evacuate Collection Set: 2.6ms
[2024-10-19T21:20:37.758+0000][1.437s] GC(4)   Post Evacuate Collection Set: 0.4ms
[2024-10-19T21:20:37.758+0000][1.437s] GC(4)   Other: 0.2ms
[2024-10-19T21:20:37.758+0000][1.437s] GC(4) Eden regions: 103->0(295)
[2024-10-19T21:20:37.758+0000][1.437s] GC(4) Survivor regions: 13->12(15)
[2024-10-19T21:20:37.758+0000][1.437s] GC(4) Old regions: 6->14
[2024-10-19T21:20:37.758+0000][1.437s] GC(4) Archive regions: 2->2
[2024-10-19T21:20:37.758+0000][1.437s] GC(4) Humongous regions: 5->4
[2024-10-19T21:20:37.758+0000][1.437s] GC(4) Metaspace: 35599K(36032K)->35599K(36032K) NonClass: 31206K(31424K)->31206K(31424K) Class: 4393K(4608K)->4393K(4608K)
[2024-10-19T21:20:37.758+0000][1.437s] GC(4) Pause Young (Concurrent Start) (GCLocker Initiated GC) 127M->30M(512M) 3.374ms
[2024-10-19T21:20:37.758+0000][1.437s] GC(4) User=0.05s Sys=0.00s Real=0.00s
[2024-10-19T21:20:37.758+0000][1.437s] GC(5) Concurrent Mark Cycle
[2024-10-19T21:20:37.758+0000][1.437s] GC(5) Concurrent Clear Claimed Marks
[2024-10-19T21:20:37.758+0000][1.437s] GC(5) Concurrent Clear Claimed Marks 0.018ms
[2024-10-19T21:20:37.758+0000][1.437s] GC(5) Concurrent Scan Root Regions
[2024-10-19T21:20:37.760+0000][1.438s] GC(5) Concurrent Scan Root Regions 1.383ms
[2024-10-19T21:20:37.760+0000][1.438s] GC(5) Concurrent Mark
[2024-10-19T21:20:37.760+0000][1.438s] GC(5) Concurrent Mark From Roots
[2024-10-19T21:20:37.760+0000][1.438s] GC(5) Using 6 workers of 6 for marking
[2024-10-19T21:20:37.765+0000][1.444s] GC(5) Concurrent Mark From Roots 5.718ms
[2024-10-19T21:20:37.765+0000][1.444s] GC(5) Concurrent Preclean
[2024-10-19T21:20:37.765+0000][1.444s] GC(5) Concurrent Preclean 0.080ms
[2024-10-19T21:20:37.766+0000][1.444s] GC(5) Pause Remark
[2024-10-19T21:20:37.766+0000][1.445s] GC(5) Pause Remark 31M->31M(512M) 0.752ms
[2024-10-19T21:20:37.766+0000][1.445s] GC(5) User=0.00s Sys=0.00s Real=0.00s
[2024-10-19T21:20:37.766+0000][1.445s] GC(5) Concurrent Mark 6.717ms
[2024-10-19T21:20:37.766+0000][1.445s] GC(5) Concurrent Rebuild Remembered Sets
[2024-10-19T21:20:37.766+0000][1.445s] GC(5) Concurrent Rebuild Remembered Sets 0.003ms
[2024-10-19T21:20:37.766+0000][1.445s] GC(5) Pause Cleanup
[2024-10-19T21:20:37.766+0000][1.445s] GC(5) Pause Cleanup 31M->31M(512M) 0.003ms
[2024-10-19T21:20:37.766+0000][1.445s] GC(5) User=0.00s Sys=0.00s Real=0.00s
[2024-10-19T21:20:37.766+0000][1.445s] GC(5) Concurrent Cleanup for Next Mark
[2024-10-19T21:20:37.767+0000][1.445s] GC(5) Concurrent Cleanup for Next Mark 0.091ms
[2024-10-19T21:20:37.767+0000][1.445s] GC(5) Concurrent Mark Cycle 8.427ms
[2024-10-19T21:26:38.068+0000][361.747s] Heap
[2024-10-19T21:26:38.068+0000][361.747s]  garbage-first heap   total 524288K, used 203941K [0x00000000e0000000, 0x0000000100000000)
[2024-10-19T21:26:38.068+0000][361.747s]   region size 1024K, 181 young (185344K), 12 survivors (12288K)
[2024-10-19T21:26:38.068+0000][361.747s]  Metaspace       used 51342K, committed 51840K, reserved 1114112K
[2024-10-19T21:26:38.068+0000][361.747s]   class space    used 6560K, committed 6784K, reserved 1048576K
