[2024-10-19T21:26:55.932+0000][0.009s] Using G1
[2024-10-19T21:26:55.977+0000][0.054s] Version: 17.0.10+7 (release)
[2024-10-19T21:26:55.977+0000][0.054s] CPUs: 32 total, 32 available
[2024-10-19T21:26:55.977+0000][0.054s] Memory: 64064M
[2024-10-19T21:26:55.977+0000][0.054s] Large Page Support: Disabled
[2024-10-19T21:26:55.977+0000][0.054s] NUMA Support: Disabled
[2024-10-19T21:26:55.977+0000][0.054s] Compressed Oops: Enabled (32-bit)
[2024-10-19T21:26:55.977+0000][0.054s] Heap Region Size: 1M
[2024-10-19T21:26:55.977+0000][0.054s] Heap Min Capacity: 512M
[2024-10-19T21:26:55.977+0000][0.054s] Heap Initial Capacity: 512M
[2024-10-19T21:26:55.977+0000][0.054s] Heap Max Capacity: 512M
[2024-10-19T21:26:55.977+0000][0.054s] Pre-touch: Enabled
[2024-10-19T21:26:55.977+0000][0.054s] Parallel Workers: 23
[2024-10-19T21:26:55.977+0000][0.054s] Concurrent Workers: 6
[2024-10-19T21:26:55.977+0000][0.054s] Concurrent Refinement Workers: 23
[2024-10-19T21:26:55.977+0000][0.054s] Periodic GC: Disabled
[2024-10-19T21:26:55.981+0000][0.058s] CDS archive(s) mapped at: [0x00007873d3000000-0x00007873d3a5f000-0x00007873d3a5f000), size 10874880, SharedBaseAddress: 0x00007873d3000000, ArchiveRelocationMode: 1.
[2024-10-19T21:26:55.981+0000][0.058s] Compressed class space mapped at: 0x00007873d4000000-0x0000787414000000, reserved size: 1073741824
[2024-10-19T21:26:55.981+0000][0.058s] Narrow klass base: 0x00007873d3000000, Narrow klass shift: 0, Narrow klass range: 0x100000000
[2024-10-19T21:26:56.210+0000][0.287s] GC(0) Pause Young (Normal) (G1 Evacuation Pause)
[2024-10-19T21:26:56.210+0000][0.287s] GC(0) Using 12 workers of 23 for evacuation
[2024-10-19T21:26:56.211+0000][0.288s] GC(0)   Pre Evacuate Collection Set: 0.0ms
[2024-10-19T21:26:56.211+0000][0.288s] GC(0)   Merge Heap Roots: 0.0ms
[2024-10-19T21:26:56.211+0000][0.288s] GC(0)   Evacuate Collection Set: 0.9ms
[2024-10-19T21:26:56.211+0000][0.288s] GC(0)   Post Evacuate Collection Set: 0.2ms
[2024-10-19T21:26:56.211+0000][0.288s] GC(0)   Other: 0.1ms
[2024-10-19T21:26:56.211+0000][0.288s] GC(0) Eden regions: 29->0(59)
[2024-10-19T21:26:56.211+0000][0.288s] GC(0) Survivor regions: 0->4(4)
[2024-10-19T21:26:56.211+0000][0.288s] GC(0) Old regions: 0->1
[2024-10-19T21:26:56.211+0000][0.288s] GC(0) Archive regions: 2->2
[2024-10-19T21:26:56.211+0000][0.288s] GC(0) Humongous regions: 0->0
[2024-10-19T21:26:56.211+0000][0.288s] GC(0) Metaspace: 9788K(10112K)->9788K(10112K) NonClass: 8597K(8768K)->8597K(8768K) Class: 1191K(1344K)->1191K(1344K)
[2024-10-19T21:26:56.211+0000][0.288s] GC(0) Pause Young (Normal) (G1 Evacuation Pause) 29M->4M(512M) 1.252ms
[2024-10-19T21:26:56.211+0000][0.288s] GC(0) User=0.00s Sys=0.01s Real=0.00s
[2024-10-19T21:26:56.465+0000][0.542s] GC(1) Pause Young (Normal) (G1 Evacuation Pause)
[2024-10-19T21:26:56.465+0000][0.542s] GC(1) Using 22 workers of 23 for evacuation
[2024-10-19T21:26:56.468+0000][0.545s] GC(1)   Pre Evacuate Collection Set: 0.1ms
[2024-10-19T21:26:56.468+0000][0.545s] GC(1)   Merge Heap Roots: 0.0ms
[2024-10-19T21:26:56.468+0000][0.545s] GC(1)   Evacuate Collection Set: 2.5ms
[2024-10-19T21:26:56.468+0000][0.545s] GC(1)   Post Evacuate Collection Set: 0.2ms
[2024-10-19T21:26:56.468+0000][0.545s] GC(1)   Other: 0.1ms
[2024-10-19T21:26:56.468+0000][0.545s] GC(1) Eden regions: 59->0(81)
[2024-10-19T21:26:56.468+0000][0.545s] GC(1) Survivor regions: 4->8(8)
[2024-10-19T21:26:56.468+0000][0.545s] GC(1) Old regions: 1->6
[2024-10-19T21:26:56.468+0000][0.545s] GC(1) Archive regions: 2->2
[2024-10-19T21:26:56.468+0000][0.545s] GC(1) Humongous regions: 4->4
[2024-10-19T21:26:56.468+0000][0.545s] GC(1) Metaspace: 17997K(18240K)->17997K(18240K) NonClass: 15801K(15936K)->15801K(15936K) Class: 2196K(2304K)->2196K(2304K)
[2024-10-19T21:26:56.468+0000][0.545s] GC(1) Pause Young (Normal) (G1 Evacuation Pause) 67M->18M(512M) 3.039ms
[2024-10-19T21:26:56.468+0000][0.545s] GC(1) User=0.04s Sys=0.00s Real=0.00s
[2024-10-19T21:26:56.624+0000][0.701s] GC(2) Pause Young (Concurrent Start) (Metadata GC Threshold)
[2024-10-19T21:26:56.624+0000][0.701s] GC(2) Using 23 workers of 23 for evacuation
[2024-10-19T21:26:56.626+0000][0.703s] GC(2)   Pre Evacuate Collection Set: 0.1ms
[2024-10-19T21:26:56.626+0000][0.703s] GC(2)   Merge Heap Roots: 0.0ms
[2024-10-19T21:26:56.626+0000][0.703s] GC(2)   Evacuate Collection Set: 1.1ms
[2024-10-19T21:26:56.626+0000][0.703s] GC(2)   Post Evacuate Collection Set: 0.2ms
[2024-10-19T21:26:56.626+0000][0.703s] GC(2)   Other: 0.2ms
[2024-10-19T21:26:56.626+0000][0.703s] GC(2) Eden regions: 78->0(107)
[2024-10-19T21:26:56.626+0000][0.703s] GC(2) Survivor regions: 8->11(12)
[2024-10-19T21:26:56.626+0000][0.703s] GC(2) Old regions: 6->9
[2024-10-19T21:26:56.626+0000][0.703s] GC(2) Archive regions: 2->2
[2024-10-19T21:26:56.626+0000][0.703s] GC(2) Humongous regions: 4->4
[2024-10-19T21:26:56.626+0000][0.703s] GC(2) Metaspace: 21227K(21504K)->21227K(21504K) NonClass: 18644K(18816K)->18644K(18816K) Class: 2582K(2688K)->2582K(2688K)
[2024-10-19T21:26:56.626+0000][0.703s] GC(2) Pause Young (Concurrent Start) (Metadata GC Threshold) 96M->24M(512M) 1.652ms
[2024-10-19T21:26:56.626+0000][0.703s] GC(2) User=0.02s Sys=0.01s Real=0.00s
[2024-10-19T21:26:56.626+0000][0.703s] GC(3) Concurrent Mark Cycle
[2024-10-19T21:26:56.626+0000][0.703s] GC(3) Concurrent Clear Claimed Marks
[2024-10-19T21:26:56.626+0000][0.703s] GC(3) Concurrent Clear Claimed Marks 0.014ms
[2024-10-19T21:26:56.626+0000][0.703s] GC(3) Concurrent Scan Root Regions
[2024-10-19T21:26:56.627+0000][0.704s] GC(3) Concurrent Scan Root Regions 0.832ms
[2024-10-19T21:26:56.627+0000][0.704s] GC(3) Concurrent Mark
[2024-10-19T21:26:56.627+0000][0.704s] GC(3) Concurrent Mark From Roots
[2024-10-19T21:26:56.627+0000][0.704s] GC(3) Using 6 workers of 6 for marking
[2024-10-19T21:26:56.628+0000][0.705s] GC(3) Concurrent Mark From Roots 1.491ms
[2024-10-19T21:26:56.628+0000][0.705s] GC(3) Concurrent Preclean
[2024-10-19T21:26:56.628+0000][0.705s] GC(3) Concurrent Preclean 0.115ms
[2024-10-19T21:26:56.628+0000][0.705s] GC(3) Pause Remark
[2024-10-19T21:26:56.629+0000][0.706s] GC(3) Pause Remark 26M->26M(512M) 0.672ms
[2024-10-19T21:26:56.629+0000][0.706s] GC(3) User=0.01s Sys=0.00s Real=0.01s
[2024-10-19T21:26:56.629+0000][0.706s] GC(3) Concurrent Mark 2.428ms
[2024-10-19T21:26:56.629+0000][0.706s] GC(3) Concurrent Rebuild Remembered Sets
[2024-10-19T21:26:56.630+0000][0.707s] GC(3) Concurrent Rebuild Remembered Sets 0.768ms
[2024-10-19T21:26:56.630+0000][0.707s] GC(3) Pause Cleanup
[2024-10-19T21:26:56.630+0000][0.707s] GC(3) Pause Cleanup 26M->26M(512M) 0.056ms
[2024-10-19T21:26:56.630+0000][0.707s] GC(3) User=0.00s Sys=0.00s Real=0.00s
[2024-10-19T21:26:56.630+0000][0.707s] GC(3) Concurrent Cleanup for Next Mark
[2024-10-19T21:26:56.630+0000][0.707s] GC(3) Concurrent Cleanup for Next Mark 0.112ms
[2024-10-19T21:26:56.630+0000][0.707s] GC(3) Concurrent Mark Cycle 4.559ms
[2024-10-19T21:26:57.055+0000][1.132s] GC(4) Pause Young (Concurrent Start) (Metadata GC Threshold)
[2024-10-19T21:26:57.055+0000][1.132s] GC(4) Using 23 workers of 23 for evacuation
[2024-10-19T21:26:57.058+0000][1.135s] GC(4)   Pre Evacuate Collection Set: 0.1ms
[2024-10-19T21:26:57.058+0000][1.135s] GC(4)   Merge Heap Roots: 0.0ms
[2024-10-19T21:26:57.058+0000][1.135s] GC(4)   Evacuate Collection Set: 1.8ms
[2024-10-19T21:26:57.058+0000][1.135s] GC(4)   Post Evacuate Collection Set: 0.3ms
[2024-10-19T21:26:57.058+0000][1.135s] GC(4)   Other: 0.1ms
[2024-10-19T21:26:57.058+0000][1.135s] GC(4) Eden regions: 99->0(214)
[2024-10-19T21:26:57.058+0000][1.135s] GC(4) Survivor regions: 11->12(16)
[2024-10-19T21:26:57.058+0000][1.135s] GC(4) Old regions: 9->15
[2024-10-19T21:26:57.058+0000][1.135s] GC(4) Archive regions: 2->2
[2024-10-19T21:26:57.058+0000][1.135s] GC(4) Humongous regions: 5->4
[2024-10-19T21:26:57.058+0000][1.135s] GC(4) Metaspace: 35739K(36096K)->35739K(36096K) NonClass: 31322K(31488K)->31322K(31488K) Class: 4417K(4608K)->4417K(4608K)
[2024-10-19T21:26:57.058+0000][1.135s] GC(4) Pause Young (Concurrent Start) (Metadata GC Threshold) 123M->30M(512M) 2.425ms
[2024-10-19T21:26:57.058+0000][1.135s] GC(4) User=0.03s Sys=0.00s Real=0.00s
[2024-10-19T21:26:57.058+0000][1.135s] GC(5) Concurrent Mark Cycle
[2024-10-19T21:26:57.058+0000][1.135s] GC(5) Concurrent Clear Claimed Marks
[2024-10-19T21:26:57.058+0000][1.135s] GC(5) Concurrent Clear Claimed Marks 0.022ms
[2024-10-19T21:26:57.058+0000][1.135s] GC(5) Concurrent Scan Root Regions
[2024-10-19T21:26:57.059+0000][1.136s] GC(5) Concurrent Scan Root Regions 0.904ms
[2024-10-19T21:26:57.059+0000][1.136s] GC(5) Concurrent Mark
[2024-10-19T21:26:57.059+0000][1.136s] GC(5) Concurrent Mark From Roots
[2024-10-19T21:26:57.059+0000][1.136s] GC(5) Using 6 workers of 6 for marking
[2024-10-19T21:26:57.060+0000][1.137s] GC(5) Concurrent Mark From Roots 1.682ms
[2024-10-19T21:26:57.060+0000][1.137s] GC(5) Concurrent Preclean
[2024-10-19T21:26:57.061+0000][1.138s] GC(5) Concurrent Preclean 0.065ms
[2024-10-19T21:26:57.061+0000][1.138s] GC(5) Pause Remark
[2024-10-19T21:26:57.061+0000][1.138s] GC(5) Pause Remark 31M->31M(512M) 0.718ms
[2024-10-19T21:26:57.061+0000][1.138s] GC(5) User=0.01s Sys=0.01s Real=0.00s
[2024-10-19T21:26:57.061+0000][1.138s] GC(5) Concurrent Mark 2.716ms
[2024-10-19T21:26:57.061+0000][1.139s] GC(5) Concurrent Rebuild Remembered Sets
[2024-10-19T21:26:57.063+0000][1.140s] GC(5) Concurrent Rebuild Remembered Sets 1.272ms
[2024-10-19T21:26:57.063+0000][1.140s] GC(5) Pause Cleanup
[2024-10-19T21:26:57.063+0000][1.140s] GC(5) Pause Cleanup 31M->31M(512M) 0.077ms
[2024-10-19T21:26:57.063+0000][1.140s] GC(5) User=0.00s Sys=0.00s Real=0.00s
[2024-10-19T21:26:57.063+0000][1.140s] GC(5) Concurrent Cleanup for Next Mark
[2024-10-19T21:26:57.063+0000][1.140s] GC(5) Concurrent Cleanup for Next Mark 0.153ms
[2024-10-19T21:26:57.063+0000][1.140s] GC(5) Concurrent Mark Cycle 5.342ms
[2024-10-19T21:33:09.439+0000][373.516s] Heap
[2024-10-19T21:33:09.439+0000][373.516s]  garbage-first heap   total 524288K, used 201760K [0x00000000e0000000, 0x0000000100000000)
[2024-10-19T21:33:09.439+0000][373.516s]   region size 1024K, 179 young (183296K), 12 survivors (12288K)
[2024-10-19T21:33:09.439+0000][373.516s]  Metaspace       used 51364K, committed 51840K, reserved 1114112K
[2024-10-19T21:33:09.439+0000][373.516s]   class space    used 6565K, committed 6784K, reserved 1048576K
