[2024-10-19T21:16:17.108+0000][0.003s] Using G1
[2024-10-19T21:16:17.128+0000][0.022s] Version: 17.0.10+7 (release)
[2024-10-19T21:16:17.128+0000][0.023s] CPUs: 32 total, 32 available
[2024-10-19T21:16:17.128+0000][0.023s] Memory: 64064M
[2024-10-19T21:16:17.128+0000][0.023s] Large Page Support: Disabled
[2024-10-19T21:16:17.128+0000][0.023s] NUMA Support: Disabled
[2024-10-19T21:16:17.128+0000][0.023s] Compressed Oops: Enabled (32-bit)
[2024-10-19T21:16:17.128+0000][0.023s] Heap Region Size: 1M
[2024-10-19T21:16:17.128+0000][0.023s] Heap Min Capacity: 512M
[2024-10-19T21:16:17.128+0000][0.023s] Heap Initial Capacity: 512M
[2024-10-19T21:16:17.128+0000][0.023s] Heap Max Capacity: 512M
[2024-10-19T21:16:17.128+0000][0.023s] Pre-touch: Enabled
[2024-10-19T21:16:17.128+0000][0.023s] Parallel Workers: 23
[2024-10-19T21:16:17.128+0000][0.023s] Concurrent Workers: 6
[2024-10-19T21:16:17.128+0000][0.023s] Concurrent Refinement Workers: 23
[2024-10-19T21:16:17.128+0000][0.023s] Periodic GC: Disabled
[2024-10-19T21:16:17.131+0000][0.026s] CDS archive(s) mapped at: [0x0000756ebb000000-0x0000756ebba5f000-0x0000756ebba5f000), size 10874880, SharedBaseAddress: 0x0000756ebb000000, ArchiveRelocationMode: 1.
[2024-10-19T21:16:17.131+0000][0.026s] Compressed class space mapped at: 0x0000756ebc000000-0x0000756efc000000, reserved size: 1073741824
[2024-10-19T21:16:17.131+0000][0.026s] Narrow klass base: 0x0000756ebb000000, Narrow klass shift: 0, Narrow klass range: 0x100000000
[2024-10-19T21:16:17.390+0000][0.285s] GC(0) Pause Young (Normal) (G1 Evacuation Pause)
[2024-10-19T21:16:17.390+0000][0.285s] GC(0) Using 12 workers of 23 for evacuation
[2024-10-19T21:16:17.391+0000][0.286s] GC(0)   Pre Evacuate Collection Set: 0.0ms
[2024-10-19T21:16:17.391+0000][0.286s] GC(0)   Merge Heap Roots: 0.0ms
[2024-10-19T21:16:17.391+0000][0.286s] GC(0)   Evacuate Collection Set: 0.9ms
[2024-10-19T21:16:17.391+0000][0.286s] GC(0)   Post Evacuate Collection Set: 0.1ms
[2024-10-19T21:16:17.391+0000][0.286s] GC(0)   Other: 0.1ms
[2024-10-19T21:16:17.391+0000][0.286s] GC(0) Eden regions: 29->0(59)
[2024-10-19T21:16:17.391+0000][0.286s] GC(0) Survivor regions: 0->4(4)
[2024-10-19T21:16:17.391+0000][0.286s] GC(0) Old regions: 0->1
[2024-10-19T21:16:17.391+0000][0.286s] GC(0) Archive regions: 2->2
[2024-10-19T21:16:17.391+0000][0.286s] GC(0) Humongous regions: 0->0
[2024-10-19T21:16:17.391+0000][0.286s] GC(0) Metaspace: 9903K(10176K)->9903K(10176K) NonClass: 8695K(8832K)->8695K(8832K) Class: 1208K(1344K)->1208K(1344K)
[2024-10-19T21:16:17.391+0000][0.286s] GC(0) Pause Young (Normal) (G1 Evacuation Pause) 29M->5M(512M) 1.196ms
[2024-10-19T21:16:17.391+0000][0.286s] GC(0) User=0.01s Sys=0.00s Real=0.00s
[2024-10-19T21:16:17.621+0000][0.516s] GC(1) Pause Young (Normal) (G1 Evacuation Pause)
[2024-10-19T21:16:17.621+0000][0.516s] GC(1) Using 22 workers of 23 for evacuation
[2024-10-19T21:16:17.625+0000][0.519s] GC(1)   Pre Evacuate Collection Set: 0.1ms
[2024-10-19T21:16:17.625+0000][0.520s] GC(1)   Merge Heap Roots: 0.0ms
[2024-10-19T21:16:17.625+0000][0.520s] GC(1)   Evacuate Collection Set: 3.0ms
[2024-10-19T21:16:17.625+0000][0.520s] GC(1)   Post Evacuate Collection Set: 0.3ms
[2024-10-19T21:16:17.625+0000][0.520s] GC(1)   Other: 0.1ms
[2024-10-19T21:16:17.625+0000][0.520s] GC(1) Eden regions: 59->0(78)
[2024-10-19T21:16:17.625+0000][0.520s] GC(1) Survivor regions: 4->8(8)
[2024-10-19T21:16:17.625+0000][0.520s] GC(1) Old regions: 1->7
[2024-10-19T21:16:17.625+0000][0.520s] GC(1) Archive regions: 2->2
[2024-10-19T21:16:17.625+0000][0.520s] GC(1) Humongous regions: 4->4
[2024-10-19T21:16:17.625+0000][0.520s] GC(1) Metaspace: 17994K(18240K)->17994K(18240K) NonClass: 15798K(15936K)->15798K(15936K) Class: 2196K(2304K)->2196K(2304K)
[2024-10-19T21:16:17.625+0000][0.520s] GC(1) Pause Young (Normal) (G1 Evacuation Pause) 68M->18M(512M) 3.512ms
[2024-10-19T21:16:17.625+0000][0.520s] GC(1) User=0.04s Sys=0.00s Real=0.00s
[2024-10-19T21:16:17.818+0000][0.713s] GC(2) Pause Young (Concurrent Start) (Metadata GC Threshold)
[2024-10-19T21:16:17.818+0000][0.713s] GC(2) Using 23 workers of 23 for evacuation
[2024-10-19T21:16:17.820+0000][0.715s] GC(2)   Pre Evacuate Collection Set: 0.1ms
[2024-10-19T21:16:17.820+0000][0.715s] GC(2)   Merge Heap Roots: 0.0ms
[2024-10-19T21:16:17.820+0000][0.715s] GC(2)   Evacuate Collection Set: 1.1ms
[2024-10-19T21:16:17.820+0000][0.715s] GC(2)   Post Evacuate Collection Set: 0.3ms
[2024-10-19T21:16:17.820+0000][0.715s] GC(2)   Other: 0.2ms
[2024-10-19T21:16:17.820+0000][0.715s] GC(2) Eden regions: 75->0(291)
[2024-10-19T21:16:17.820+0000][0.715s] GC(2) Survivor regions: 8->10(11)
[2024-10-19T21:16:17.820+0000][0.715s] GC(2) Old regions: 7->10
[2024-10-19T21:16:17.820+0000][0.715s] GC(2) Archive regions: 2->2
[2024-10-19T21:16:17.820+0000][0.715s] GC(2) Humongous regions: 4->4
[2024-10-19T21:16:17.820+0000][0.715s] GC(2) Metaspace: 21228K(21504K)->21228K(21504K) NonClass: 18645K(18816K)->18645K(18816K) Class: 2582K(2688K)->2582K(2688K)
[2024-10-19T21:16:17.820+0000][0.715s] GC(2) Pause Young (Concurrent Start) (Metadata GC Threshold) 93M->23M(512M) 1.691ms
[2024-10-19T21:16:17.820+0000][0.715s] GC(2) User=0.02s Sys=0.00s Real=0.01s
[2024-10-19T21:16:17.820+0000][0.715s] GC(3) Concurrent Mark Cycle
[2024-10-19T21:16:17.820+0000][0.715s] GC(3) Concurrent Clear Claimed Marks
[2024-10-19T21:16:17.820+0000][0.715s] GC(3) Concurrent Clear Claimed Marks 0.012ms
[2024-10-19T21:16:17.820+0000][0.715s] GC(3) Concurrent Scan Root Regions
[2024-10-19T21:16:17.821+0000][0.715s] GC(3) Concurrent Scan Root Regions 0.763ms
[2024-10-19T21:16:17.821+0000][0.715s] GC(3) Concurrent Mark
[2024-10-19T21:16:17.821+0000][0.715s] GC(3) Concurrent Mark From Roots
[2024-10-19T21:16:17.821+0000][0.715s] GC(3) Using 6 workers of 6 for marking
[2024-10-19T21:16:17.822+0000][0.717s] GC(3) Concurrent Mark From Roots 1.403ms
[2024-10-19T21:16:17.822+0000][0.717s] GC(3) Concurrent Preclean
[2024-10-19T21:16:17.822+0000][0.717s] GC(3) Concurrent Preclean 0.125ms
[2024-10-19T21:16:17.822+0000][0.717s] GC(3) Pause Remark
[2024-10-19T21:16:17.823+0000][0.718s] GC(3) Pause Remark 24M->24M(512M) 0.810ms
[2024-10-19T21:16:17.823+0000][0.718s] GC(3) User=0.01s Sys=0.00s Real=0.00s
[2024-10-19T21:16:17.823+0000][0.718s] GC(3) Concurrent Mark 2.414ms
[2024-10-19T21:16:17.823+0000][0.718s] GC(3) Concurrent Rebuild Remembered Sets
[2024-10-19T21:16:17.824+0000][0.719s] GC(3) Concurrent Rebuild Remembered Sets 0.782ms
[2024-10-19T21:16:17.824+0000][0.719s] GC(3) Pause Cleanup
[2024-10-19T21:16:17.824+0000][0.719s] GC(3) Pause Cleanup 25M->25M(512M) 0.063ms
[2024-10-19T21:16:17.824+0000][0.719s] GC(3) User=0.01s Sys=0.00s Real=0.00s
[2024-10-19T21:16:17.824+0000][0.719s] GC(3) Concurrent Cleanup for Next Mark
[2024-10-19T21:16:17.824+0000][0.719s] GC(3) Concurrent Cleanup for Next Mark 0.123ms
[2024-10-19T21:16:17.824+0000][0.719s] GC(3) Concurrent Mark Cycle 4.268ms
[2024-10-19T21:16:18.521+0000][1.415s] GC(4) Pause Young (Concurrent Start) (Metadata GC Threshold)
[2024-10-19T21:16:18.521+0000][1.415s] GC(4) Using 23 workers of 23 for evacuation
[2024-10-19T21:16:18.524+0000][1.419s] GC(4)   Pre Evacuate Collection Set: 0.1ms
[2024-10-19T21:16:18.524+0000][1.419s] GC(4)   Merge Heap Roots: 0.1ms
[2024-10-19T21:16:18.524+0000][1.419s] GC(4)   Evacuate Collection Set: 3.0ms
[2024-10-19T21:16:18.524+0000][1.419s] GC(4)   Post Evacuate Collection Set: 0.6ms
[2024-10-19T21:16:18.524+0000][1.419s] GC(4)   Other: 0.2ms
[2024-10-19T21:16:18.524+0000][1.419s] GC(4) Eden regions: 116->0(257)
[2024-10-19T21:16:18.524+0000][1.419s] GC(4) Survivor regions: 10->17(39)
[2024-10-19T21:16:18.524+0000][1.419s] GC(4) Old regions: 10->10
[2024-10-19T21:16:18.524+0000][1.419s] GC(4) Archive regions: 2->2
[2024-10-19T21:16:18.524+0000][1.419s] GC(4) Humongous regions: 5->4
[2024-10-19T21:16:18.524+0000][1.419s] GC(4) Metaspace: 35690K(36096K)->35690K(36096K) NonClass: 31286K(31488K)->31286K(31488K) Class: 4403K(4608K)->4403K(4608K)
[2024-10-19T21:16:18.524+0000][1.419s] GC(4) Pause Young (Concurrent Start) (Metadata GC Threshold) 140M->30M(512M) 3.969ms
[2024-10-19T21:16:18.524+0000][1.419s] GC(4) User=0.04s Sys=0.00s Real=0.00s
[2024-10-19T21:16:18.525+0000][1.419s] GC(5) Concurrent Mark Cycle
[2024-10-19T21:16:18.525+0000][1.419s] GC(5) Concurrent Clear Claimed Marks
[2024-10-19T21:16:18.525+0000][1.419s] GC(5) Concurrent Clear Claimed Marks 0.025ms
[2024-10-19T21:16:18.525+0000][1.419s] GC(5) Concurrent Scan Root Regions
[2024-10-19T21:16:18.526+0000][1.421s] GC(5) Concurrent Scan Root Regions 1.026ms
[2024-10-19T21:16:18.526+0000][1.421s] GC(5) Concurrent Mark
[2024-10-19T21:16:18.526+0000][1.421s] GC(5) Concurrent Mark From Roots
[2024-10-19T21:16:18.526+0000][1.421s] GC(5) Using 6 workers of 6 for marking
[2024-10-19T21:16:18.528+0000][1.423s] GC(5) Concurrent Mark From Roots 2.258ms
[2024-10-19T21:16:18.528+0000][1.423s] GC(5) Concurrent Preclean
[2024-10-19T21:16:18.528+0000][1.423s] GC(5) Concurrent Preclean 0.086ms
[2024-10-19T21:16:18.528+0000][1.423s] GC(5) Pause Remark
[2024-10-19T21:16:18.529+0000][1.424s] GC(5) Pause Remark 31M->31M(512M) 1.009ms
[2024-10-19T21:16:18.529+0000][1.424s] GC(5) User=0.02s Sys=0.00s Real=0.01s
[2024-10-19T21:16:18.529+0000][1.424s] GC(5) Concurrent Mark 3.546ms
[2024-10-19T21:16:18.529+0000][1.424s] GC(5) Concurrent Rebuild Remembered Sets
[2024-10-19T21:16:18.530+0000][1.425s] GC(5) Concurrent Rebuild Remembered Sets 1.157ms
[2024-10-19T21:16:18.530+0000][1.425s] GC(5) Pause Cleanup
[2024-10-19T21:16:18.531+0000][1.425s] GC(5) Pause Cleanup 31M->31M(512M) 0.078ms
[2024-10-19T21:16:18.531+0000][1.425s] GC(5) User=0.00s Sys=0.00s Real=0.00s
[2024-10-19T21:16:18.531+0000][1.425s] GC(5) Concurrent Cleanup for Next Mark
[2024-10-19T21:16:18.531+0000][1.426s] GC(5) Concurrent Cleanup for Next Mark 0.108ms
[2024-10-19T21:16:18.531+0000][1.426s] GC(5) Concurrent Mark Cycle 6.144ms
[2024-10-19T21:20:04.363+0000][227.258s] Heap
[2024-10-19T21:20:04.363+0000][227.258s]  garbage-first heap   total 524288K, used 203654K [0x00000000e0000000, 0x0000000100000000)
[2024-10-19T21:20:04.363+0000][227.258s]   region size 1024K, 186 young (190464K), 17 survivors (17408K)
[2024-10-19T21:20:04.363+0000][227.258s]  Metaspace       used 51364K, committed 51840K, reserved 1114112K
[2024-10-19T21:20:04.363+0000][227.258s]   class space    used 6560K, committed 6784K, reserved 1048576K
