[2024-10-19T21:33:27.080+0000][0.003s] Using G1
[2024-10-19T21:33:27.097+0000][0.020s] Version: 17.0.10+7 (release)
[2024-10-19T21:33:27.097+0000][0.020s] CPUs: 32 total, 32 available
[2024-10-19T21:33:27.097+0000][0.020s] Memory: 64064M
[2024-10-19T21:33:27.097+0000][0.020s] Large Page Support: Disabled
[2024-10-19T21:33:27.097+0000][0.020s] NUMA Support: Disabled
[2024-10-19T21:33:27.097+0000][0.020s] Compressed Oops: Enabled (32-bit)
[2024-10-19T21:33:27.097+0000][0.020s] Heap Region Size: 1M
[2024-10-19T21:33:27.097+0000][0.020s] Heap Min Capacity: 512M
[2024-10-19T21:33:27.097+0000][0.020s] Heap Initial Capacity: 512M
[2024-10-19T21:33:27.097+0000][0.020s] Heap Max Capacity: 512M
[2024-10-19T21:33:27.097+0000][0.020s] Pre-touch: Enabled
[2024-10-19T21:33:27.097+0000][0.020s] Parallel Workers: 23
[2024-10-19T21:33:27.097+0000][0.020s] Concurrent Workers: 6
[2024-10-19T21:33:27.097+0000][0.020s] Concurrent Refinement Workers: 23
[2024-10-19T21:33:27.097+0000][0.020s] Periodic GC: Disabled
[2024-10-19T21:33:27.101+0000][0.024s] CDS archive(s) mapped at: [0x00007b972f000000-0x00007b972fa5f000-0x00007b972fa5f000), size 10874880, SharedBaseAddress: 0x00007b972f000000, ArchiveRelocationMode: 1.
[2024-10-19T21:33:27.101+0000][0.024s] Compressed class space mapped at: 0x00007b9730000000-0x00007b9770000000, reserved size: 1073741824
[2024-10-19T21:33:27.101+0000][0.024s] Narrow klass base: 0x00007b972f000000, Narrow klass shift: 0, Narrow klass range: 0x100000000
[2024-10-19T21:33:27.377+0000][0.300s] GC(0) Pause Young (Normal) (G1 Evacuation Pause)
[2024-10-19T21:33:27.377+0000][0.300s] GC(0) Using 12 workers of 23 for evacuation
[2024-10-19T21:33:27.378+0000][0.301s] GC(0)   Pre Evacuate Collection Set: 0.0ms
[2024-10-19T21:33:27.378+0000][0.301s] GC(0)   Merge Heap Roots: 0.0ms
[2024-10-19T21:33:27.378+0000][0.301s] GC(0)   Evacuate Collection Set: 0.9ms
[2024-10-19T21:33:27.378+0000][0.301s] GC(0)   Post Evacuate Collection Set: 0.2ms
[2024-10-19T21:33:27.378+0000][0.301s] GC(0)   Other: 0.1ms
[2024-10-19T21:33:27.378+0000][0.301s] GC(0) Eden regions: 29->0(59)
[2024-10-19T21:33:27.378+0000][0.301s] GC(0) Survivor regions: 0->4(4)
[2024-10-19T21:33:27.378+0000][0.301s] GC(0) Old regions: 0->1
[2024-10-19T21:33:27.378+0000][0.301s] GC(0) Archive regions: 2->2
[2024-10-19T21:33:27.378+0000][0.301s] GC(0) Humongous regions: 0->0
[2024-10-19T21:33:27.378+0000][0.301s] GC(0) Metaspace: 9797K(10112K)->9797K(10112K) NonClass: 8605K(8768K)->8605K(8768K) Class: 1192K(1344K)->1192K(1344K)
[2024-10-19T21:33:27.378+0000][0.301s] GC(0) Pause Young (Normal) (G1 Evacuation Pause) 29M->5M(512M) 1.215ms
[2024-10-19T21:33:27.378+0000][0.301s] GC(0) User=0.01s Sys=0.00s Real=0.00s
[2024-10-19T21:33:27.612+0000][0.535s] GC(1) Pause Young (Normal) (G1 Evacuation Pause)
[2024-10-19T21:33:27.612+0000][0.535s] GC(1) Using 22 workers of 23 for evacuation
[2024-10-19T21:33:27.615+0000][0.538s] GC(1)   Pre Evacuate Collection Set: 0.1ms
[2024-10-19T21:33:27.615+0000][0.538s] GC(1)   Merge Heap Roots: 0.0ms
[2024-10-19T21:33:27.615+0000][0.538s] GC(1)   Evacuate Collection Set: 1.8ms
[2024-10-19T21:33:27.615+0000][0.538s] GC(1)   Post Evacuate Collection Set: 0.3ms
[2024-10-19T21:33:27.615+0000][0.538s] GC(1)   Other: 0.1ms
[2024-10-19T21:33:27.615+0000][0.538s] GC(1) Eden regions: 59->0(165)
[2024-10-19T21:33:27.615+0000][0.538s] GC(1) Survivor regions: 4->8(8)
[2024-10-19T21:33:27.615+0000][0.538s] GC(1) Old regions: 1->7
[2024-10-19T21:33:27.615+0000][0.538s] GC(1) Archive regions: 2->2
[2024-10-19T21:33:27.615+0000][0.538s] GC(1) Humongous regions: 4->4
[2024-10-19T21:33:27.615+0000][0.538s] GC(1) Metaspace: 18003K(18304K)->18003K(18304K) NonClass: 15807K(16000K)->15807K(16000K) Class: 2196K(2304K)->2196K(2304K)
[2024-10-19T21:33:27.615+0000][0.538s] GC(1) Pause Young (Normal) (G1 Evacuation Pause) 68M->19M(512M) 2.367ms
[2024-10-19T21:33:27.615+0000][0.538s] GC(1) User=0.03s Sys=0.01s Real=0.00s
[2024-10-19T21:33:27.744+0000][0.667s] GC(2) Pause Young (Concurrent Start) (Metadata GC Threshold)
[2024-10-19T21:33:27.744+0000][0.667s] GC(2) Using 23 workers of 23 for evacuation
[2024-10-19T21:33:27.747+0000][0.670s] GC(2)   Pre Evacuate Collection Set: 0.1ms
[2024-10-19T21:33:27.747+0000][0.670s] GC(2)   Merge Heap Roots: 0.0ms
[2024-10-19T21:33:27.747+0000][0.670s] GC(2)   Evacuate Collection Set: 1.8ms
[2024-10-19T21:33:27.747+0000][0.670s] GC(2)   Post Evacuate Collection Set: 0.3ms
[2024-10-19T21:33:27.747+0000][0.670s] GC(2)   Other: 0.2ms
[2024-10-19T21:33:27.747+0000][0.670s] GC(2) Eden regions: 77->0(109)
[2024-10-19T21:33:27.747+0000][0.670s] GC(2) Survivor regions: 8->13(22)
[2024-10-19T21:33:27.747+0000][0.670s] GC(2) Old regions: 7->7
[2024-10-19T21:33:27.747+0000][0.670s] GC(2) Archive regions: 2->2
[2024-10-19T21:33:27.747+0000][0.670s] GC(2) Humongous regions: 4->4
[2024-10-19T21:33:27.747+0000][0.670s] GC(2) Metaspace: 21228K(21504K)->21228K(21504K) NonClass: 18645K(18816K)->18645K(18816K) Class: 2582K(2688K)->2582K(2688K)
[2024-10-19T21:33:27.747+0000][0.670s] GC(2) Pause Young (Concurrent Start) (Metadata GC Threshold) 95M->23M(512M) 2.511ms
[2024-10-19T21:33:27.747+0000][0.670s] GC(2) User=0.03s Sys=0.00s Real=0.00s
[2024-10-19T21:33:27.747+0000][0.670s] GC(3) Concurrent Mark Cycle
[2024-10-19T21:33:27.747+0000][0.670s] GC(3) Concurrent Clear Claimed Marks
[2024-10-19T21:33:27.747+0000][0.670s] GC(3) Concurrent Clear Claimed Marks 0.022ms
[2024-10-19T21:33:27.747+0000][0.670s] GC(3) Concurrent Scan Root Regions
[2024-10-19T21:33:27.748+0000][0.671s] GC(3) Concurrent Scan Root Regions 0.907ms
[2024-10-19T21:33:27.748+0000][0.671s] GC(3) Concurrent Mark
[2024-10-19T21:33:27.748+0000][0.671s] GC(3) Concurrent Mark From Roots
[2024-10-19T21:33:27.748+0000][0.671s] GC(3) Using 6 workers of 6 for marking
[2024-10-19T21:33:27.750+0000][0.673s] GC(3) Concurrent Mark From Roots 1.712ms
[2024-10-19T21:33:27.750+0000][0.673s] GC(3) Concurrent Preclean
[2024-10-19T21:33:27.750+0000][0.673s] GC(3) Concurrent Preclean 0.118ms
[2024-10-19T21:33:27.750+0000][0.673s] GC(3) Pause Remark
[2024-10-19T21:33:27.750+0000][0.673s] GC(3) Pause Remark 24M->24M(512M) 0.688ms
[2024-10-19T21:33:27.751+0000][0.673s] GC(3) User=0.01s Sys=0.00s Real=0.00s
[2024-10-19T21:33:27.751+0000][0.673s] GC(3) Concurrent Mark 2.607ms
[2024-10-19T21:33:27.751+0000][0.673s] GC(3) Concurrent Rebuild Remembered Sets
[2024-10-19T21:33:27.751+0000][0.674s] GC(3) Concurrent Rebuild Remembered Sets 0.943ms
[2024-10-19T21:33:27.751+0000][0.674s] GC(3) Pause Cleanup
[2024-10-19T21:33:27.752+0000][0.675s] GC(3) Pause Cleanup 25M->25M(512M) 0.080ms
[2024-10-19T21:33:27.752+0000][0.675s] GC(3) User=0.00s Sys=0.00s Real=0.00s
[2024-10-19T21:33:27.752+0000][0.675s] GC(3) Concurrent Cleanup for Next Mark
[2024-10-19T21:33:27.752+0000][0.675s] GC(3) Concurrent Cleanup for Next Mark 0.129ms
[2024-10-19T21:33:27.752+0000][0.675s] GC(3) Concurrent Mark Cycle 4.796ms
[2024-10-19T21:33:28.365+0000][1.288s] GC(4) Pause Young (Concurrent Start) (Metadata GC Threshold)
[2024-10-19T21:33:28.365+0000][1.288s] GC(4) Using 23 workers of 23 for evacuation
[2024-10-19T21:33:28.369+0000][1.292s] GC(4)   Pre Evacuate Collection Set: 0.2ms
[2024-10-19T21:33:28.369+0000][1.292s] GC(4)   Merge Heap Roots: 0.0ms
[2024-10-19T21:33:28.369+0000][1.292s] GC(4)   Evacuate Collection Set: 3.1ms
[2024-10-19T21:33:28.369+0000][1.292s] GC(4)   Post Evacuate Collection Set: 0.5ms
[2024-10-19T21:33:28.369+0000][1.292s] GC(4)   Other: 0.2ms
[2024-10-19T21:33:28.369+0000][1.292s] GC(4) Eden regions: 103->0(162)
[2024-10-19T21:33:28.369+0000][1.292s] GC(4) Survivor regions: 13->12(16)
[2024-10-19T21:33:28.369+0000][1.292s] GC(4) Old regions: 7->15
[2024-10-19T21:33:28.369+0000][1.292s] GC(4) Archive regions: 2->2
[2024-10-19T21:33:28.369+0000][1.292s] GC(4) Humongous regions: 5->4
[2024-10-19T21:33:28.369+0000][1.292s] GC(4) Metaspace: 35743K(36096K)->35743K(36096K) NonClass: 31328K(31488K)->31328K(31488K) Class: 4414K(4608K)->4414K(4608K)
[2024-10-19T21:33:28.369+0000][1.292s] GC(4) Pause Young (Concurrent Start) (Metadata GC Threshold) 127M->30M(512M) 4.039ms
[2024-10-19T21:33:28.369+0000][1.292s] GC(4) User=0.05s Sys=0.00s Real=0.01s
[2024-10-19T21:33:28.369+0000][1.292s] GC(5) Concurrent Mark Cycle
[2024-10-19T21:33:28.369+0000][1.292s] GC(5) Concurrent Clear Claimed Marks
[2024-10-19T21:33:28.369+0000][1.292s] GC(5) Concurrent Clear Claimed Marks 0.023ms
[2024-10-19T21:33:28.369+0000][1.292s] GC(5) Concurrent Scan Root Regions
[2024-10-19T21:33:28.370+0000][1.293s] GC(5) Concurrent Scan Root Regions 1.167ms
[2024-10-19T21:33:28.370+0000][1.293s] GC(5) Concurrent Mark
[2024-10-19T21:33:28.370+0000][1.293s] GC(5) Concurrent Mark From Roots
[2024-10-19T21:33:28.370+0000][1.293s] GC(5) Using 6 workers of 6 for marking
[2024-10-19T21:33:28.372+0000][1.295s] GC(5) Concurrent Mark From Roots 1.921ms
[2024-10-19T21:33:28.372+0000][1.295s] GC(5) Concurrent Preclean
[2024-10-19T21:33:28.372+0000][1.295s] GC(5) Concurrent Preclean 0.070ms
[2024-10-19T21:33:28.373+0000][1.295s] GC(5) Pause Remark
[2024-10-19T21:33:28.373+0000][1.296s] GC(5) Pause Remark 31M->31M(512M) 0.871ms
[2024-10-19T21:33:28.373+0000][1.296s] GC(5) User=0.01s Sys=0.00s Real=0.00s
[2024-10-19T21:33:28.373+0000][1.296s] GC(5) Concurrent Mark 3.011ms
[2024-10-19T21:33:28.373+0000][1.296s] GC(5) Concurrent Rebuild Remembered Sets
[2024-10-19T21:33:28.375+0000][1.298s] GC(5) Concurrent Rebuild Remembered Sets 1.213ms
[2024-10-19T21:33:28.375+0000][1.298s] GC(5) Pause Cleanup
[2024-10-19T21:33:28.375+0000][1.298s] GC(5) Pause Cleanup 31M->31M(512M) 0.086ms
[2024-10-19T21:33:28.375+0000][1.298s] GC(5) User=0.01s Sys=0.00s Real=0.00s
[2024-10-19T21:33:28.375+0000][1.298s] GC(5) Concurrent Cleanup for Next Mark
[2024-10-19T21:33:28.375+0000][1.298s] GC(5) Concurrent Cleanup for Next Mark 0.118ms
[2024-10-19T21:33:28.375+0000][1.298s] GC(5) Concurrent Mark Cycle 5.900ms
[2024-10-19T21:38:29.641+0000][302.564s] GC(6) Pause Young (Normal) (G1 Evacuation Pause)
[2024-10-19T21:38:29.641+0000][302.564s] GC(6) Using 23 workers of 23 for evacuation
[2024-10-19T21:38:29.644+0000][302.567s] GC(6)   Pre Evacuate Collection Set: 0.1ms
[2024-10-19T21:38:29.644+0000][302.567s] GC(6)   Merge Heap Roots: 0.1ms
[2024-10-19T21:38:29.644+0000][302.567s] GC(6)   Evacuate Collection Set: 2.0ms
[2024-10-19T21:38:29.644+0000][302.567s] GC(6)   Post Evacuate Collection Set: 0.3ms
[2024-10-19T21:38:29.644+0000][302.567s] GC(6)   Other: 0.1ms
[2024-10-19T21:38:29.644+0000][302.567s] GC(6) Eden regions: 162->0(286)
[2024-10-19T21:38:29.644+0000][302.567s] GC(6) Survivor regions: 12->21(22)
[2024-10-19T21:38:29.644+0000][302.567s] GC(6) Old regions: 15->15
[2024-10-19T21:38:29.644+0000][302.567s] GC(6) Archive regions: 2->2
[2024-10-19T21:38:29.644+0000][302.567s] GC(6) Humongous regions: 4->4
[2024-10-19T21:38:29.644+0000][302.567s] GC(6) Metaspace: 51301K(51776K)->51301K(51776K) NonClass: 44747K(44992K)->44747K(44992K) Class: 6553K(6784K)->6553K(6784K)
[2024-10-19T21:38:29.644+0000][302.567s] GC(6) Pause Young (Normal) (G1 Evacuation Pause) 192M->39M(512M) 2.631ms
[2024-10-19T21:38:29.644+0000][302.567s] GC(6) User=0.06s Sys=0.00s Real=0.00s
[2024-10-19T21:38:29.649+0000][302.572s] Heap
[2024-10-19T21:38:29.649+0000][302.572s]  garbage-first heap   total 524288K, used 44547K [0x00000000e0000000, 0x0000000100000000)
[2024-10-19T21:38:29.649+0000][302.572s]   region size 1024K, 25 young (25600K), 21 survivors (21504K)
[2024-10-19T21:38:29.649+0000][302.572s]  Metaspace       used 51355K, committed 51776K, reserved 1114112K
[2024-10-19T21:38:29.649+0000][302.572s]   class space    used 6563K, committed 6784K, reserved 1048576K
